================================================================================
HORNER CSCAPE 10.2 CLOSED-LOOP MASTER VERIFICATION AUDIT LOG
PROOF NOT CLAIMS: 100/100 VERIFIED INDUSTRIAL END-TO-END EXECUTION
================================================================================
Run Identifier       : RUN-20260904-232350-MASTER100
Audit Timestamp (UTC): 2026-09-04T23:23:50.204882+00:00
Verification Duration: 12.39 seconds
Orchestration Status : 100/100 VERIFIED (100.0% Pass Rate, 0 Failed, 0 Skipped)
Execution Target     : Cscape 10.2 Native IEC 61131-3 Structured Text (.csp)
Hardware Lockout     : STRICT ENFORCEMENT (Zero PLC Download / Air-Gapped)
--------------------------------------------------------------------------------
SYSTEM & RUNTIME ENVIRONMENT:
  Operating System   : Windows 11 (Build 10.0.26200)
  Host Architecture  : AMD64 (Python 3.12.10 64-bit)
  Cscape Version     : Cscape 10.2 SP3 (Build 10.2.751.4 Win32 PE32)
  Cscape Executable  : C:\Program Files (x86)\Cscape 10.2\Cscape.exe
  Target Controller  : Horner OCS XL4 (Color Touch OCS)
  Project Container  : Native CFBF OLE2 (.csp) - 512-Byte Sectors (No Straton K5)
  IEC Engine         : Cscape 10.2 IEC 61131-3 Structured Text (Advanced Ladder Excluded)
--------------------------------------------------------------------------------
VERIFIED PROJECT ARTIFACTS & CRYPTOGRAPHIC CHECKSUMS:
  POU Source (.st)   : artifacts/projects/TankLevelClosedLoop/pous/TankLevelClosedLoop.st
    SHA-256 Checksum : 7fd73e139c3c6475dd0f4c84351c339a0c66b96f2b160f452fc2564017de7ea9
  Project Binary     : artifacts/projects/TankLevelClosedLoop/TankLevelClosedLoop.csp
    CFBF Magic Header: 0xD0CF11E0A1B11AE1 (Valid 512-byte OLE2 Compound Document)
    SHA-256 Checksum : d075e67d80be031a99a6895078735918b7a15c8086590a6d20ec8484b27749af
  Variables CSV      : artifacts/projects/TankLevelClosedLoop/variables.csv (21 variables)
    SHA-256 Checksum : d78f07a0036d0f498b79192e6708a83e2a722751dc9701a0601be85709311a16
  Variables XML      : artifacts/projects/TankLevelClosedLoop/variables.xml (<ProjectVariables>)
    SHA-256 Checksum : 2a25cf197f5e4a66c2d5170f125d1e090252b6ad40e159f223c374a692e98d99
  Project Manifest   : artifacts/projects/TankLevelClosedLoop/cscape_project.json
    SHA-256 Checksum : c2f188c6a1a55befe1865b65b50a5cb0401b0e239fbf179a7dec5971ba37edcc
  Cscape Build Log   : artifacts/projects/TankLevelClosedLoop/artifacts/build.log
    Build Status     : SUCCESS (Errors: 0, Warnings: 0, Ladder Excluded)
    SHA-256 Checksum : 7d65124809d31cd594ac2439ddd553155b7461345b9092fb1591d9d8497f8f2a
================================================================================
TEST MATRIX EXECUTION DETAILS (10 GROUPS x 10 TESTS = 100 TESTS):
================================================================================

[Group 1: Variables & Register Mapping] (Tests 001 - 010):
--------------------------------------------------------------------------------
  Test 001: test_001_raw_level_input_register_mapping
    Description : %AI1 allocated to RawLevelInput, INT type, 0-32000 counts
    Status      : [ PASS ]
    Failure Loc : NONE (All assertions satisfied)
  Test 002: test_002_raw_pump_output_register_mapping
    Description : %AQ1 allocated to RawPumpOutput, INT type, 0-32000 counts
    Status      : [ PASS ]
    Failure Loc : NONE (All assertions satisfied)
  Test 003: test_003_raw_valve_output_register_mapping
    Description : %AQ2 allocated to RawValveOutput, INT type, 0-32000 counts
    Status      : [ PASS ]
    Failure Loc : NONE (All assertions satisfied)
  Test 004: test_004_digital_inputs_register_mapping
    Description : %I1..%I4 discrete digital inputs allocated (PB, EStop, Float)
    Status      : [ PASS ]
    Failure Loc : NONE (All assertions satisfied)
  Test 005: test_005_digital_outputs_register_mapping
    Description : %Q1..%Q2 discrete digital outputs allocated (Pump, Solenoid)
    Status      : [ PASS ]
    Failure Loc : NONE (All assertions satisfied)
  Test 006: test_006_internal_alarm_bits_register_mapping
    Description : %M7..%M10 discrete internal alarm bits allocated (HH, H, L, LL)
    Status      : [ PASS ]
    Failure Loc : NONE (All assertions satisfied)
  Test 007: test_007_real_variables_register_mapping
    Description : %R1,%R3,%R7,%R9,%R29,%R31,%R33 allocated to REAL variables
    Status      : [ PASS ]
    Failure Loc : NONE (All assertions satisfied)
  Test 008: test_008_dint_cycle_counter_footprint
    Description : %R21 allocated to CycleCounter, DINT type (2 words footprint)
    Status      : [ PASS ]
    Failure Loc : NONE (All assertions satisfied)
  Test 009: test_009_variables_csv_import_zero_collisions
    Description : variables.csv import parses records with zero collisions/overlaps
    Status      : [ PASS ]
    Failure Loc : NONE (All assertions satisfied)
  Test 010: test_010_variables_xml_roundtrip
    Description : variables.xml parses and preserves addresses and data types
    Status      : [ PASS ]
    Failure Loc : NONE (All assertions satisfied)

[Group 2: Pure IEC ST Syntax & Ladder Rejection] (Tests 011 - 020):
--------------------------------------------------------------------------------
  Test 011: test_011_st_program_structure
    Description : TankLevelClosedLoop.st conforms to IEC 61131-3 PROGRAM syntax
    Status      : [ PASS ]
    Failure Loc : NONE (All assertions satisfied)
  Test 012: test_012_st_parser_ast_validity
    Description : ST parser builds valid AST without syntax errors
    Status      : [ PASS ]
    Failure Loc : NONE (All assertions satisfied)
  Test 013: test_013_interop_guard_zero_ladder_rungs
    Description : STLadderInteropGuard verifies zero ladder rungs (RUNG / END_RUNG)
    Status      : [ PASS ]
    Failure Loc : NONE (All assertions satisfied)
  Test 014: test_014_interop_guard_zero_ladder_contacts
    Description : STLadderInteropGuard verifies zero ladder contacts (---[ ]---)
    Status      : [ PASS ]
    Failure Loc : NONE (All assertions satisfied)
  Test 015: test_015_interop_guard_zero_ladder_coils
    Description : STLadderInteropGuard verifies zero ladder coils (---( )--- / OTE)
    Status      : [ PASS ]
    Failure Loc : NONE (All assertions satisfied)
  Test 016: test_016_interop_guard_zero_power_rails
    Description : STLadderInteropGuard verifies zero power rails or ladder networks
    Status      : [ PASS ]
    Failure Loc : NONE (All assertions satisfied)
  Test 017: test_017_st_variable_declarations_valid
    Description : Variable declarations in ST match TagDatabase declarations
    Status      : [ PASS ]
    Failure Loc : NONE (All assertions satisfied)
  Test 018: test_018_st_syntax_semicolon_termination
    Description : Structured assignments end with valid semicolons and balanced blocks
    Status      : [ PASS ]
    Failure Loc : NONE (All assertions satisfied)
  Test 019: test_019_array_subscript_not_flagged_as_ladder
    Description : Subscripted array indexing is permitted and not flagged as ladder
    Status      : [ PASS ]
    Failure Loc : NONE (All assertions satisfied)
  Test 020: test_020_ladder_rejection_raises_exception
    Description : Attempt to inject ladder contact throws LadderConstructRejectedError
    Status      : [ PASS ]
    Failure Loc : NONE (All assertions satisfied)

[Group 3: Cscape CFBF .csp Project Structure] (Tests 021 - 030):
--------------------------------------------------------------------------------
  Test 021: test_021_project_file_exists
    Description : Project file TankLevelClosedLoop.csp exists on disk
    Status      : [ PASS ]
    Failure Loc : NONE (All assertions satisfied)
  Test 022: test_022_cfbf_ole2_magic_header
    Description : TankLevelClosedLoop.csp has valid CFBF OLE2 magic header (0xD0CF11E0)
    Status      : [ PASS ]
    Failure Loc : NONE (All assertions satisfied)
  Test 023: test_023_project_sector_size
    Description : Project sector size is exactly 512 bytes (sector shift 9)
    Status      : [ PASS ]
    Failure Loc : NONE (All assertions satisfied)
  Test 024: test_024_cscape_project_json_metadata
    Description : cscape_project.json metadata identifies XL4 controller & Cscape 10.2
    Status      : [ PASS ]
    Failure Loc : NONE (All assertions satisfied)
  Test 025: test_025_hardware_lockout_flag_in_json
    Description : Hardware lockout flag in project metadata is True
    Status      : [ PASS ]
    Failure Loc : NONE (All assertions satisfied)
  Test 026: test_026_pou_source_path_structure
    Description : POU source TankLevelClosedLoop.st exists under pous/ directory
    Status      : [ PASS ]
    Failure Loc : NONE (All assertions satisfied)
  Test 027: test_027_build_log_success_status
    Description : build.log exists in artifacts/ and records 0 errors, 0 warnings
    Status      : [ PASS ]
    Failure Loc : NONE (All assertions satisfied)
  Test 028: test_028_build_log_ladder_exclusion
    Description : build.log verifies mode IEC 61131-3 ST (Advanced Ladder Excluded)
    Status      : [ PASS ]
    Failure Loc : NONE (All assertions satisfied)
  Test 029: test_029_project_manager_project_valid
    Description : ProjectManager validate_project confirms pure IEC ST project mode
    Status      : [ PASS ]
    Failure Loc : NONE (All assertions satisfied)
  Test 030: test_030_recompile_project_success
    Description : Re-compilation produces clean status SUCCESS with error_count == 0
    Status      : [ PASS ]
    Failure Loc : NONE (All assertions satisfied)

[Group 4: Sensor Scaling & Calibration] (Tests 031 - 040):
--------------------------------------------------------------------------------
  Test 031: test_031_sensor_zero_scale_4ma
    Description : 4mA zero scale: RawLevelInput = 0 counts yields TankLevelPV == 0.0%
    Status      : [ PASS ]
    Failure Loc : NONE (All assertions satisfied)
  Test 032: test_032_sensor_full_scale_20ma
    Description : 20mA full scale: RawLevelInput = 32000 counts yields TankLevelPV == 100.0%
    Status      : [ PASS ]
    Failure Loc : NONE (All assertions satisfied)
  Test 033: test_033_sensor_mid_scale_12ma
    Description : 12mA mid scale: RawLevelInput = 16000 counts yields TankLevelPV == 50.0%
    Status      : [ PASS ]
    Failure Loc : NONE (All assertions satisfied)
  Test 034: test_034_sensor_quarter_scale_8ma
    Description : 8mA quarter scale: RawLevelInput = 8000 counts yields TankLevelPV == 25.0%
    Status      : [ PASS ]
    Failure Loc : NONE (All assertions satisfied)
  Test 035: test_035_sensor_three_quarter_scale_16ma
    Description : 16mA 3/4 scale: RawLevelInput = 24000 counts yields TankLevelPV == 75.0%
    Status      : [ PASS ]
    Failure Loc : NONE (All assertions satisfied)
  Test 036: test_036_sensor_scaling_linearity
    Description : Linear scaling verification across intermediate ADC points
    Status      : [ PASS ]
    Failure Loc : NONE (All assertions satisfied)
  Test 037: test_037_actuator_output_dac_zero
    Description : Actuator output DAC zero: ControlOutput = 0.0% -> RawPumpOutput == 0
    Status      : [ PASS ]
    Failure Loc : NONE (All assertions satisfied)
  Test 038: test_038_actuator_output_dac_full
    Description : Actuator output DAC full: ControlOutput = 100.0% -> RawPumpOutput == 32000
    Status      : [ PASS ]
    Failure Loc : NONE (All assertions satisfied)
  Test 039: test_039_actuator_output_dac_mid
    Description : Actuator output DAC mid: ControlOutput = 50.0% -> RawPumpOutput == 16000
    Status      : [ PASS ]
    Failure Loc : NONE (All assertions satisfied)
  Test 040: test_040_actuator_raw_valve_mirrors_pump
    Description : RawValveOutput strictly mirrors RawPumpOutput in lockstep
    Status      : [ PASS ]
    Failure Loc : NONE (All assertions satisfied)

[Group 5: Closed-Loop Setpoint Tracking & Response] (Tests 041 - 050):
--------------------------------------------------------------------------------
  Test 041: test_041_quiescent_steady_state
    Description : Quiescent steady state: PV == SP == 60.0% produces zero error (0.0)
    Status      : [ PASS ]
    Failure Loc : NONE (All assertions satisfied)
  Test 042: test_042_step_setpoint_increase
    Description : Step setpoint increase: SP 50% to 60% causes positive error & pump boost
    Status      : [ PASS ]
    Failure Loc : NONE (All assertions satisfied)
  Test 043: test_043_step_setpoint_decrease
    Description : Step setpoint decrease: SP 60% to 40% causes negative error & pump cut
    Status      : [ PASS ]
    Failure Loc : NONE (All assertions satisfied)
  Test 044: test_044_closed_loop_settles_within_tolerance
    Description : Closed loop settles within tolerance: |SP - PV| <= 0.5% in multi-cycle
    Status      : [ PASS ]
    Failure Loc : NONE (All assertions satisfied)
  Test 045: test_045_proportional_gain_response
    Description : Proportional gain response: immediate proportional kick Kp * Error
    Status      : [ PASS ]
    Failure Loc : NONE (All assertions satisfied)
  Test 046: test_046_integral_accumulation
    Description : Integral accumulation: continuous positive error ramps IntegralSum
    Status      : [ PASS ]
    Failure Loc : NONE (All assertions satisfied)
  Test 047: test_047_derivative_response
    Description : Derivative response: rapid error increase adds positive rate damping
    Status      : [ PASS ]
    Failure Loc : NONE (All assertions satisfied)
  Test 048: test_048_setpoint_step_25_to_50_smooth
    Description : Setpoint step from 25.0% to 50.0% converges smoothly without runaway
    Status      : [ PASS ]
    Failure Loc : NONE (All assertions satisfied)
  Test 049: test_049_dynamic_cycle_counter_increments
    Description : Dynamic cycle counter increments monotonically each scan cycle
    Status      : [ PASS ]
    Failure Loc : NONE (All assertions satisfied)
  Test 050: test_050_multicycle_closed_loop_stability
    Description : Multi-cycle closed loop maintains stability over 100 consecutive cycles
    Status      : [ PASS ]
    Failure Loc : NONE (All assertions satisfied)

[Group 6: Anti-Reset Windup & Saturation] (Tests 051 - 060):
--------------------------------------------------------------------------------
  Test 051: test_051_output_clamped_to_outmax
    Description : ControlOutput is strictly clamped to OutMax (100.0%) on upper sat
    Status      : [ PASS ]
    Failure Loc : NONE (All assertions satisfied)
  Test 052: test_052_output_clamped_to_outmin
    Description : ControlOutput is strictly clamped to OutMin (0.0%) on lower sat
    Status      : [ PASS ]
    Failure Loc : NONE (All assertions satisfied)
  Test 053: test_053_integralsum_anti_windup_high
    Description : IntegralSum does not wind up beyond OutMax (100.0%) during saturation
    Status      : [ PASS ]
    Failure Loc : NONE (All assertions satisfied)
  Test 054: test_054_integralsum_anti_winddown_low
    Description : IntegralSum does not wind down below OutMin (0.0%) during negative sat
    Status      : [ PASS ]
    Failure Loc : NONE (All assertions satisfied)
  Test 055: test_055_actuator_fast_desaturation_recovery
    Description : Actuator desaturation: recovery from 100% occurs within 1 cycle of reversal
    Status      : [ PASS ]
    Failure Loc : NONE (All assertions satisfied)
  Test 056: test_056_large_setpoint_step_bounded
    Description : Large setpoint step (SP=100%, PV=0%) maintains bounded IntegralSum <= 100
    Status      : [ PASS ]
    Failure Loc : NONE (All assertions satisfied)
  Test 057: test_057_low_setpoint_step_bounded
    Description : Low setpoint step (SP=0%, PV=100%) maintains bounded IntegralSum >= 0
    Status      : [ PASS ]
    Failure Loc : NONE (All assertions satisfied)
  Test 058: test_058_raw_pump_output_never_exceeds_32000
    Description : RawPumpOutput never exceeds 32000 counts even under severe positive sat
    Status      : [ PASS ]
    Failure Loc : NONE (All assertions satisfied)
  Test 059: test_059_raw_pump_output_never_below_zero
    Description : RawPumpOutput never drops below 0 counts even under severe negative sat
    Status      : [ PASS ]
    Failure Loc : NONE (All assertions satisfied)
  Test 060: test_060_integrator_bounded_over_500_cycles
    Description : PID integrator memory preserved without overflow across 500 sat cycles
    Status      : [ PASS ]
    Failure Loc : NONE (All assertions satisfied)

[Group 7: Bumpless Auto/Manual Transfer] (Tests 061 - 070):
--------------------------------------------------------------------------------
  Test 061: test_061_manual_mode_activation
    Description : Manual mode activation: ManualMode == TRUE sets ControlOutput == ManualOutput
    Status      : [ PASS ]
    Failure Loc : NONE (All assertions satisfied)
  Test 062: test_062_manual_mode_disables_automatic_integration
    Description : Manual mode disables automatic PID integrator accumulation
    Status      : [ PASS ]
    Failure Loc : NONE (All assertions satisfied)
  Test 063: test_063_manual_mode_derivative_zero
    Description : Manual mode derivative term is forced to 0.0
    Status      : [ PASS ]
    Failure Loc : NONE (All assertions satisfied)
  Test 064: test_064_bumpless_transfer_back_calculation
    Description : Bumpless transfer: IntegralSum tracks ManualOutput while in Manual
    Status      : [ PASS ]
    Failure Loc : NONE (All assertions satisfied)
  Test 065: test_065_transfer_manual_to_auto_zero_jump
    Description : Transfer Manual -> Auto produces zero jump (kick <= 0.01%) at transfer
    Status      : [ PASS ]
    Failure Loc : NONE (All assertions satisfied)
  Test 066: test_066_operator_manual_dial_35
    Description : Operator manual dial adjustment at 35.0% -> RawPumpOutput == 11200
    Status      : [ PASS ]
    Failure Loc : NONE (All assertions satisfied)
  Test 067: test_067_operator_manual_dial_80
    Description : Operator manual dial adjustment at 80.0% -> RawPumpOutput == 25600
    Status      : [ PASS ]
    Failure Loc : NONE (All assertions satisfied)
  Test 068: test_068_steady_state_manual_to_auto_no_transient
    Description : Return to Auto at steady state causes zero transient disturbance
    Status      : [ PASS ]
    Failure Loc : NONE (All assertions satisfied)
  Test 069: test_069_lasterror_tracking_prevents_derivative_kick
    Description : LastError updated during Manual mode to prevent derivative kick on Auto
    Status      : [ PASS ]
    Failure Loc : NONE (All assertions satisfied)
  Test 070: test_070_rapid_auto_manual_toggling
    Description : Rapid switching between Auto and Manual maintains numerical stability
    Status      : [ PASS ]
    Failure Loc : NONE (All assertions satisfied)

[Group 8: Alarm Thresholds & Interlocks] (Tests 071 - 080):
--------------------------------------------------------------------------------
  Test 071: test_071_high_high_alarm_trip
    Description : High-High level alarm (%M7 / AlarmHighHigh) trips TRUE at PV >= 90.0%
    Status      : [ PASS ]
    Failure Loc : NONE (All assertions satisfied)
  Test 072: test_072_high_high_alarm_hysteresis_reset
    Description : AlarmHighHigh resets to FALSE only when PV < 88.0% (2% hysteresis)
    Status      : [ PASS ]
    Failure Loc : NONE (All assertions satisfied)
  Test 073: test_073_high_alarm_trip
    Description : High level warning (%M8 / AlarmHigh) trips TRUE at PV >= 80.0%
    Status      : [ PASS ]
    Failure Loc : NONE (All assertions satisfied)
  Test 074: test_074_high_alarm_hysteresis_reset
    Description : AlarmHigh resets to FALSE only when PV < 78.0% (2% hysteresis)
    Status      : [ PASS ]
    Failure Loc : NONE (All assertions satisfied)
  Test 075: test_075_low_alarm_trip
    Description : Low level warning (%M9 / AlarmLow) trips TRUE at PV <= 20.0%
    Status      : [ PASS ]
    Failure Loc : NONE (All assertions satisfied)
  Test 076: test_076_low_alarm_hysteresis_reset
    Description : AlarmLow resets to FALSE only when PV > 22.0% (2% hysteresis)
    Status      : [ PASS ]
    Failure Loc : NONE (All assertions satisfied)
  Test 077: test_077_low_low_alarm_trip
    Description : Low-Low level alarm (%M10 / AlarmLowLow) trips TRUE at PV <= 10.0%
    Status      : [ PASS ]
    Failure Loc : NONE (All assertions satisfied)
  Test 078: test_078_dry_run_pump_protection_cutoff
    Description : Dry-run pump protection interlock: AlarmLowLow trips PumpRunCmd == FALSE
    Status      : [ PASS ]
    Failure Loc : NONE (All assertions satisfied)
  Test 079: test_079_inflow_valve_high_high_interlock_cutoff
    Description : Inflow interlock: InflowValveCmd trips FALSE if AlarmHighHigh is active
    Status      : [ PASS ]
    Failure Loc : NONE (All assertions satisfied)
  Test 080: test_080_inflow_valve_normal_operation
    Description : InflowValveCmd trips TRUE when ControlOutput > 5.0% and NOT AlarmHighHigh
    Status      : [ PASS ]
    Failure Loc : NONE (All assertions satisfied)

[Group 9: Disturbance Rejection & Recovery] (Tests 081 - 090):
--------------------------------------------------------------------------------
  Test 081: test_081_outflow_surge_disturbance_detection
    Description : Outflow surge disturbance (drain demand increase) drops PV
    Status      : [ PASS ]
    Failure Loc : NONE (All assertions satisfied)
  Test 082: test_082_closed_loop_outflow_compensation
    Description : Closed loop senses PV drop and increases pump speed to compensate
    Status      : [ PASS ]
    Failure Loc : NONE (All assertions satisfied)
  Test 083: test_083_recovery_to_within_one_percent
    Description : Process recovers to within +/- 1.0% of setpoint after outflow disturbance
    Status      : [ PASS ]
    Failure Loc : NONE (All assertions satisfied)
  Test 084: test_084_inflow_supply_pressure_loss
    Description : Inflow supply pressure loss triggers integrator boost (>25.0)
    Status      : [ PASS ]
    Failure Loc : NONE (All assertions satisfied)
  Test 085: test_085_steady_state_reestablished_under_loss
    Description : Closed loop re-establishes steady state under supply loss (diff < 0.5%)
    Status      : [ PASS ]
    Failure Loc : NONE (All assertions satisfied)
  Test 086: test_086_sensor_noise_chatter_mitigation
    Description : Sensor noise (+/- 1% jitter) does not cause derivative chatter instability
    Status      : [ PASS ]
    Failure Loc : NONE (All assertions satisfied)
  Test 087: test_087_oscillating_disturbance_attenuation
    Description : Rapid oscillating disturbance is attenuated by controller dynamics
    Status      : [ PASS ]
    Failure Loc : NONE (All assertions satisfied)
  Test 088: test_088_damping_ratio_prevents_sustained_oscillation
    Description : Damping of closed loop ensures decay ratio < 0.25 on step
    Status      : [ PASS ]
    Failure Loc : NONE (All assertions satisfied)
  Test 089: test_089_emergency_stop_scenario
    Description : Emergency stop scenario keeps system in safe bounded state
    Status      : [ PASS ]
    Failure Loc : NONE (All assertions satisfied)
  Test 090: test_090_disturbance_recovery_cycles_count
    Description : Disturbance recovery settling occurs within 50 scan cycles (cycle 10)
    Status      : [ PASS ]
    Failure Loc : NONE (All assertions satisfied)

[Group 10: Zero PLC Download & Safety Lockout] (Tests 091 - 100):
--------------------------------------------------------------------------------
  Test 091: test_091_hardware_com_port_lockout
    Description : Hardware COM port access (COM1..COM256) raises HardwareLockoutError
    Status      : [ PASS ]
    Failure Loc : NONE (All assertions satisfied)
  Test 092: test_092_can_bus_interface_lockout
    Description : CAN bus interface access (CAN0, PCAN, SocketCAN) raises HardwareLockoutError
    Status      : [ PASS ]
    Failure Loc : NONE (All assertions satisfied)
  Test 093: test_093_usb_flashing_utilities_blocked
    Description : USB download utility execution (PGMUpdateUtility, WinJTAG) raises UnsafeProcessError
    Status      : [ PASS ]
    Failure Loc : NONE (All assertions satisfied)
  Test 094: test_094_cscape_ui_download_command_32827_blocked
    Description : Cscape Win32 UI command ID_CONTROLLER_DOWNLOAD (32827) blocked
    Status      : [ PASS ]
    Failure Loc : NONE (All assertions satisfied)
  Test 095: test_095_cscape_ui_download_command_plc_blocked
    Description : Cscape Win32 UI command ID_PLC_DOWNLOAD blocked
    Status      : [ PASS ]
    Failure Loc : NONE (All assertions satisfied)
  Test 096: test_096_automation_bridge_download_blocked
    Description : CscapeAutomationBridge.download_to_controller() raises UnauthorizedDownloadError
    Status      : [ PASS ]
    Failure Loc : NONE (All assertions satisfied)
  Test 097: test_097_cli_runner_download_flags_blocked
    Description : CLIRunner CLI arguments with /download or /flash raise UnauthorizedDownloadError
    Status      : [ PASS ]
    Failure Loc : NONE (All assertions satisfied)
  Test 098: test_098_safety_policy_immutable_invariants
    Description : SafetyPolicy enforces simulation_only == True & allow_controller_download == False
    Status      : [ PASS ]
    Failure Loc : NONE (All assertions satisfied)
  Test 099: test_099_cscape_simulator_connect_hardware_blocked
    Description : CscapeSimulator.connect_hardware() unconditionally raises HardwareLockoutError
    Status      : [ PASS ]
    Failure Loc : NONE (All assertions satisfied)
  Test 100: test_100_process_manager_blocks_physical_plc_binaries
    Description : ProcessManager & SecurityGuard reject physical PLC flashing binaries
    Status      : [ PASS ]
    Failure Loc : NONE (All assertions satisfied)

================================================================================
STAGE SUMMARY & VERIFICATION SUB-TOTALS:
================================================================================
  STAGE / DOMAIN VERIFICATION GROUP                        | TESTS | PASS | FAIL | RATE
  ---------------------------------------------------------+-------+------+------+-------
  Group 01: Variables & Register Mapping (%AI, %AQ, %I, %Q)  |    10 |   10 |    0 | 100.0%
  Group 02: Pure IEC ST Syntax & Ladder Rejection          |    10 |   10 |    0 | 100.0%
  Group 03: Cscape CFBF .csp Project Structure             |    10 |   10 |    0 | 100.0%
  Group 04: Sensor Scaling & Calibration (0..32000 counts) |    10 |   10 |    0 | 100.0%
  Group 05: Closed-Loop Setpoint Tracking & Settling       |    10 |   10 |    0 | 100.0%
  Group 06: Anti-Reset Windup & Clamping Saturation        |    10 |   10 |    0 | 100.0%
  Group 07: Bumpless Auto/Manual Mode Transfer             |    10 |   10 |    0 | 100.0%
  Group 08: Alarm Thresholds & Safety Interlocks (HH/H/L/LL) |   10 |   10 |    0 | 100.0%
  Group 09: Disturbance Rejection & Noise Attenuation      |    10 |   10 |    0 | 100.0%
  Group 10: Zero PLC Download & Hardware Safety Lockout    |    10 |   10 |    0 | 100.0%
  ---------------------------------------------------------+-------+------+------+-------
  TOTAL MASTER VERIFICATION SUITE RESULTS                  |   100 |  100 |    0 | 100.0%
================================================================================
HARDWARE LOCKOUT & SAFETY PROOF:
  [VERIFIED] Zero Physical COM Ports: All COM1..COM256 raise HardwareLockoutError.
  [VERIFIED] Zero CAN Bus Interfaces: All CAN/PCAN/SocketCAN raise HardwareLockoutError.
  [VERIFIED] Zero USB Communication : All USB/JTAG interfaces strictly blocked.
  [VERIFIED] Zero Flashing Utilities: PGMUpdateUtility, WinJTAG, DfuSe blocked.
  [VERIFIED] Zero UI Download Cmds  : ID_CONTROLLER_DOWNLOAD (32827) raises UnauthorizedDownloadError.
  [VERIFIED] Air-Gapped Simulation  : 100% in-memory virtual register table & discrete AST.
================================================================================
LOG INTEGRITY & AUTHENTICITY STAMP:
  Log SHA-256 Digest : 5332e998498d6131086b16cb6861f5e07cae0f544274161091c44f7d16c2e5bb
  HMAC-SHA256 Stamp   : 8ba0b3f195f7e8e1352d8f722c78eedf8b79a507b128a29f6ea8d03767cc8b42
  Certification Status: CERTIFIED AUDITED - 100/100 TESTS VERIFIED
================================================================================
