==========================================================================================
HORNER CSCAPE 10.2 CLOSED-LOOP 500-CYCLE DISCRETE SIMULATION TRAJECTORY
PROJECT: TankLevelClosedLoop (Horner OCS XL4 / Cscape 10.2 Native IEC 61131-3)
STANDARDS: IEC 61131-3 / ISA-18.2 / NAMUR NE 43 / IEC 61511 / IEC 62682
EXECUTION MODE: 100% Software Emulated Scan Cycles with Fail-Closed Hardware Lockout
START TIME UTC: 2026-09-05T05:45:24.891Z
GATE STATUS: READY_FOR_TESTS | PID: 7616 | HWND: 0x007B06D6
==========================================================================================

Cycle | Time(ms) |   Phase |  %AI1 | %R1(PV) | %R3(SP) |  Error | %R7(CV) |  %AQ1 | %Q1 | %Q2 | %M7 | %M8 | %M9 | %M10 | Event Annotation
---------------------------------------------------------------------------------------------------------------------------------------
    1 |     10.0 | P1     |     0 |   0.00% |  50.00% |  50.00 | 100.00% | 32000 |   0 |   1 |   0 |   0 |   1 |    1 | P1_START_ZERO_LEVEL
    2 |     20.0 | P1     |  1600 |   5.00% |  50.00% |  45.00 | 100.00% | 32000 |   0 |   1 |   0 |   0 |   1 |    1 | PHASE_1_SETPOINT_TRACKING
    3 |     30.0 | P1     |  3120 |   9.75% |  50.00% |  40.25 | 100.00% | 32000 |   0 |   1 |   0 |   0 |   1 |    1 | PHASE_1_SETPOINT_TRACKING
    4 |     40.0 | P1     |  4564 |  14.26% |  50.00% |  35.74 | 100.00% | 32000 |   1 |   1 |   0 |   0 |   1 |    0 | PHASE_1_SETPOINT_TRACKING
    5 |     50.0 | P1     |  5936 |  18.55% |  50.00% |  31.45 |  97.20% | 31106 |   1 |   1 |   0 |   0 |   1 |    0 | PHASE_1_SETPOINT_TRACKING
    6 |     60.0 | P1     |  7194 |  22.48% |  50.00% |  27.52 |  90.49% | 28958 |   1 |   1 |   0 |   0 |   0 |    0 | PHASE_1_SETPOINT_TRACKING
    7 |     70.0 | P1     |  8282 |  25.88% |  50.00% |  24.12 |  85.85% | 27470 |   1 |   1 |   0 |   0 |   0 |    0 | PHASE_1_SETPOINT_TRACKING
    8 |     80.0 | P1     |  9242 |  28.88% |  50.00% |  21.12 |  81.38% | 26041 |   1 |   1 |   0 |   0 |   0 |    0 | PHASE_1_SETPOINT_TRACKING
    9 |     90.0 | P1     | 10082 |  31.51% |  50.00% |  18.49 |  77.60% | 24832 |   1 |   1 |   0 |   0 |   0 |    0 | PHASE_1_SETPOINT_TRACKING
   10 |    100.0 | P1     | 10819 |  33.81% |  50.00% |  16.19 |  74.24% | 23757 |   1 |   1 |   0 |   0 |   0 |    0 | P1_LEVEL_RISING
   11 |    110.0 | P1     | 11466 |  35.83% |  50.00% |  14.17 |  71.28% | 22810 |   1 |   1 |   0 |   0 |   0 |    0 | PHASE_1_SETPOINT_TRACKING
   12 |    120.0 | P1     | 12033 |  37.60% |  50.00% |  12.40 |  68.70% | 21985 |   1 |   1 |   0 |   0 |   0 |    0 | PHASE_1_SETPOINT_TRACKING
   13 |    130.0 | P1     | 12531 |  39.16% |  50.00% |  10.84 |  66.41% | 21253 |   1 |   1 |   0 |   0 |   0 |    0 | PHASE_1_SETPOINT_TRACKING
   14 |    140.0 | P1     | 12967 |  40.52% |  50.00% |   9.48 |  64.43% | 20619 |   1 |   1 |   0 |   0 |   0 |    0 | PHASE_1_SETPOINT_TRACKING
   15 |    150.0 | P1     | 13350 |  41.72% |  50.00% |   8.28 |  62.66% | 20053 |   1 |   1 |   0 |   0 |   0 |    0 | PHASE_1_SETPOINT_TRACKING
   16 |    160.0 | P1     | 13685 |  42.77% |  50.00% |   7.23 |  61.14% | 19565 |   1 |   1 |   0 |   0 |   0 |    0 | PHASE_1_SETPOINT_TRACKING
   17 |    170.0 | P1     | 13979 |  43.68% |  50.00% |   6.32 |  59.78% | 19131 |   1 |   1 |   0 |   0 |   0 |    0 | PHASE_1_SETPOINT_TRACKING
   18 |    180.0 | P1     | 14237 |  44.49% |  50.00% |   5.51 |  58.59% | 18749 |   1 |   1 |   0 |   0 |   0 |    0 | PHASE_1_SETPOINT_TRACKING
   19 |    190.0 | P1     | 14462 |  45.19% |  50.00% |   4.81 |  57.57% | 18423 |   1 |   1 |   0 |   0 |   0 |    0 | PHASE_1_SETPOINT_TRACKING
   20 |    200.0 | P1     | 14660 |  45.81% |  50.00% |   4.19 |  56.64% | 18125 |   1 |   1 |   0 |   0 |   0 |    0 | PHASE_1_SETPOINT_TRACKING
   21 |    210.0 | P1     | 14833 |  46.35% |  50.00% |   3.65 |  55.85% | 17871 |   1 |   1 |   0 |   0 |   0 |    0 | PHASE_1_SETPOINT_TRACKING
   22 |    220.0 | P1     | 14985 |  46.83% |  50.00% |   3.17 |  55.13% | 17642 |   1 |   1 |   0 |   0 |   0 |    0 | PHASE_1_SETPOINT_TRACKING
   23 |    230.0 | P1     | 15118 |  47.24% |  50.00% |   2.76 |  54.51% | 17444 |   1 |   1 |   0 |   0 |   0 |    0 | PHASE_1_SETPOINT_TRACKING
   24 |    240.0 | P1     | 15234 |  47.61% |  50.00% |   2.39 |  53.98% | 17273 |   1 |   1 |   0 |   0 |   0 |    0 | PHASE_1_SETPOINT_TRACKING
   25 |    250.0 | P1     | 15336 |  47.93% |  50.00% |   2.07 |  53.49% | 17116 |   1 |   1 |   0 |   0 |   0 |    0 | PHASE_1_SETPOINT_TRACKING
   26 |    260.0 | P1     | 15425 |  48.20% |  50.00% |   1.80 |  53.07% | 16983 |   1 |   1 |   0 |   0 |   0 |    0 | PHASE_1_SETPOINT_TRACKING
   27 |    270.0 | P1     | 15503 |  48.45% |  50.00% |   1.55 |  52.70% | 16864 |   1 |   1 |   0 |   0 |   0 |    0 | PHASE_1_SETPOINT_TRACKING
   28 |    280.0 | P1     | 15571 |  48.66% |  50.00% |   1.34 |  52.38% | 16761 |   1 |   1 |   0 |   0 |   0 |    0 | PHASE_1_SETPOINT_TRACKING
   29 |    290.0 | P1     | 15631 |  48.85% |  50.00% |   1.15 |  52.08% | 16666 |   1 |   1 |   0 |   0 |   0 |    0 | PHASE_1_SETPOINT_TRACKING
   30 |    300.0 | P1     | 15682 |  49.01% |  50.00% |   0.99 |  51.86% | 16596 |   1 |   1 |   0 |   0 |   0 |    0 | PHASE_1_SETPOINT_TRACKING
   31 |    310.0 | P1     | 15728 |  49.15% |  50.00% |   0.85 |  51.61% | 16515 |   1 |   1 |   0 |   0 |   0 |    0 | PHASE_1_SETPOINT_TRACKING
   32 |    320.0 | P1     | 15767 |  49.27% |  50.00% |   0.73 |  51.44% | 16461 |   1 |   1 |   0 |   0 |   0 |    0 | PHASE_1_SETPOINT_TRACKING
   33 |    330.0 | P1     | 15802 |  49.38% |  50.00% |   0.62 |  51.25% | 16400 |   1 |   1 |   0 |   0 |   0 |    0 | PHASE_1_SETPOINT_TRACKING
   34 |    340.0 | P1     | 15832 |  49.48% |  50.00% |   0.52 |  51.11% | 16355 |   1 |   1 |   0 |   0 |   0 |    0 | PHASE_1_SETPOINT_TRACKING
   35 |    350.0 | P1     | 15858 |  49.56% |  50.00% |   0.44 |  50.98% | 16314 |   1 |   1 |   0 |   0 |   0 |    0 | PHASE_1_SETPOINT_TRACKING
   36 |    360.0 | P1     | 15881 |  49.63% |  50.00% |   0.37 |  50.86% | 16275 |   1 |   1 |   0 |   0 |   0 |    0 | PHASE_1_SETPOINT_TRACKING
   37 |    370.0 | P1     | 15901 |  49.69% |  50.00% |   0.31 |  50.75% | 16241 |   1 |   1 |   0 |   0 |   0 |    0 | PHASE_1_SETPOINT_TRACKING
   38 |    380.0 | P1     | 15918 |  49.74% |  50.00% |   0.26 |  50.67% | 16215 |   1 |   1 |   0 |   0 |   0 |    0 | PHASE_1_SETPOINT_TRACKING
   39 |    390.0 | P1     | 15933 |  49.79% |  50.00% |   0.21 |  50.59% | 16188 |   1 |   1 |   0 |   0 |   0 |    0 | PHASE_1_SETPOINT_TRACKING
   40 |    400.0 | P1     | 15945 |  49.83% |  50.00% |   0.17 |  50.54% | 16174 |   1 |   1 |   0 |   0 |   0 |    0 | PHASE_1_SETPOINT_TRACKING
   41 |    410.0 | P1     | 15957 |  49.87% |  50.00% |   0.13 |  50.45% | 16143 |   1 |   1 |   0 |   0 |   0 |    0 | PHASE_1_SETPOINT_TRACKING
   42 |    420.0 | P1     | 15966 |  49.89% |  50.00% |   0.11 |  50.42% | 16135 |   1 |   1 |   0 |   0 |   0 |    0 | PHASE_1_SETPOINT_TRACKING
   43 |    430.0 | P1     | 15975 |  49.92% |  50.00% |   0.08 |  50.35% | 16111 |   1 |   1 |   0 |   0 |   0 |    0 | PHASE_1_SETPOINT_TRACKING
   44 |    440.0 | P1     | 15981 |  49.94% |  50.00% |   0.06 |  50.35% | 16110 |   1 |   1 |   0 |   0 |   0 |    0 | PHASE_1_SETPOINT_TRACKING
   45 |    450.0 | P1     | 15988 |  49.96% |  50.00% |   0.04 |  50.27% | 16086 |   1 |   1 |   0 |   0 |   0 |    0 | PHASE_1_SETPOINT_TRACKING
   46 |    460.0 | P1     | 15993 |  49.98% |  50.00% |   0.02 |  50.26% | 16082 |   1 |   1 |   0 |   0 |   0 |    0 | PHASE_1_SETPOINT_TRACKING
   47 |    470.0 | P1     | 15997 |  49.99% |  50.00% |   0.01 |  50.23% | 16075 |   1 |   1 |   0 |   0 |   0 |    0 | PHASE_1_SETPOINT_TRACKING
   48 |    480.0 | P1     | 16001 |  50.00% |  50.00% |  -0.00 |  50.20% | 16063 |   1 |   1 |   0 |   0 |   0 |    0 | PHASE_1_SETPOINT_TRACKING
   49 |    490.0 | P1     | 16004 |  50.01% |  50.00% |  -0.01 |  50.18% | 16059 |   1 |   1 |   0 |   0 |   0 |    0 | PHASE_1_SETPOINT_TRACKING
   50 |    500.0 | P1     | 16007 |  50.02% |  50.00% |  -0.02 |  50.15% | 16049 |   1 |   1 |   0 |   0 |   0 |    0 | P1_APPROACHING_STEADY_STATE
   51 |    510.0 | P1     | 16009 |  50.03% |  50.00% |  -0.03 |  50.15% | 16047 |   1 |   1 |   0 |   0 |   0 |    0 | PHASE_1_SETPOINT_TRACKING
   52 |    520.0 | P1     | 16011 |  50.03% |  50.00% |  -0.03 |  50.12% | 16039 |   1 |   1 |   0 |   0 |   0 |    0 | PHASE_1_SETPOINT_TRACKING
   53 |    530.0 | P1     | 16012 |  50.04% |  50.00% |  -0.04 |  50.12% | 16040 |   1 |   1 |   0 |   0 |   0 |    0 | PHASE_1_SETPOINT_TRACKING
   54 |    540.0 | P1     | 16014 |  50.04% |  50.00% |  -0.04 |  50.08% | 16027 |   1 |   1 |   0 |   0 |   0 |    0 | PHASE_1_SETPOINT_TRACKING
   55 |    550.0 | P1     | 16014 |  50.04% |  50.00% |  -0.04 |  50.11% | 16035 |   1 |   1 |   0 |   0 |   0 |    0 | PHASE_1_SETPOINT_TRACKING
   56 |    560.0 | P1     | 16015 |  50.05% |  50.00% |  -0.05 |  50.08% | 16026 |   1 |   1 |   0 |   0 |   0 |    0 | PHASE_1_SETPOINT_TRACKING
   57 |    570.0 | P1     | 16016 |  50.05% |  50.00% |  -0.05 |  50.06% | 16021 |   1 |   1 |   0 |   0 |   0 |    0 | PHASE_1_SETPOINT_TRACKING
   58 |    580.0 | P1     | 16016 |  50.05% |  50.00% |  -0.05 |  50.07% | 16024 |   1 |   1 |   0 |   0 |   0 |    0 | PHASE_1_SETPOINT_TRACKING
   59 |    590.0 | P1     | 16017 |  50.05% |  50.00% |  -0.05 |  50.04% | 16014 |   1 |   1 |   0 |   0 |   0 |    0 | PHASE_1_SETPOINT_TRACKING
   60 |    600.0 | P1     | 16016 |  50.05% |  50.00% |  -0.05 |  50.08% | 16025 |   1 |   1 |   0 |   0 |   0 |    0 | PHASE_1_SETPOINT_TRACKING
   61 |    610.0 | P1     | 16017 |  50.05% |  50.00% |  -0.05 |  50.03% | 16010 |   1 |   1 |   0 |   0 |   0 |    0 | PHASE_1_SETPOINT_TRACKING
   62 |    620.0 | P1     | 16017 |  50.05% |  50.00% |  -0.05 |  50.04% | 16013 |   1 |   1 |   0 |   0 |   0 |    0 | PHASE_1_SETPOINT_TRACKING
   63 |    630.0 | P1     | 16016 |  50.05% |  50.00% |  -0.05 |  50.06% | 16019 |   1 |   1 |   0 |   0 |   0 |    0 | PHASE_1_SETPOINT_TRACKING
   64 |    640.0 | P1     | 16016 |  50.05% |  50.00% |  -0.05 |  50.04% | 16012 |   1 |   1 |   0 |   0 |   0 |    0 | PHASE_1_SETPOINT_TRACKING
   65 |    650.0 | P1     | 16016 |  50.05% |  50.00% |  -0.05 |  50.03% | 16010 |   1 |   1 |   0 |   0 |   0 |    0 | PHASE_1_SETPOINT_TRACKING
   66 |    660.0 | P1     | 16016 |  50.05% |  50.00% |  -0.05 |  50.03% | 16008 |   1 |   1 |   0 |   0 |   0 |    0 | PHASE_1_SETPOINT_TRACKING
   67 |    670.0 | P1     | 16016 |  50.05% |  50.00% |  -0.05 |  50.02% | 16006 |   1 |   1 |   0 |   0 |   0 |    0 | PHASE_1_SETPOINT_TRACKING
   68 |    680.0 | P1     | 16015 |  50.05% |  50.00% |  -0.05 |  50.04% | 16012 |   1 |   1 |   0 |   0 |   0 |    0 | PHASE_1_SETPOINT_TRACKING
   69 |    690.0 | P1     | 16015 |  50.05% |  50.00% |  -0.05 |  50.02% | 16006 |   1 |   1 |   0 |   0 |   0 |    0 | PHASE_1_SETPOINT_TRACKING
   70 |    700.0 | P1     | 16014 |  50.04% |  50.00% |  -0.04 |  50.04% | 16012 |   1 |   1 |   0 |   0 |   0 |    0 | PHASE_1_SETPOINT_TRACKING
   71 |    710.0 | P1     | 16014 |  50.04% |  50.00% |  -0.04 |  50.02% | 16005 |   1 |   1 |   0 |   0 |   0 |    0 | PHASE_1_SETPOINT_TRACKING
   72 |    720.0 | P1     | 16014 |  50.04% |  50.00% |  -0.04 |  50.01% | 16004 |   1 |   1 |   0 |   0 |   0 |    0 | PHASE_1_SETPOINT_TRACKING
   73 |    730.0 | P1     | 16013 |  50.04% |  50.00% |  -0.04 |  50.03% | 16010 |   1 |   1 |   0 |   0 |   0 |    0 | PHASE_1_SETPOINT_TRACKING
   74 |    740.0 | P1     | 16013 |  50.04% |  50.00% |  -0.04 |  50.01% | 16003 |   1 |   1 |   0 |   0 |   0 |    0 | PHASE_1_SETPOINT_TRACKING
   75 |    750.0 | P1     | 16013 |  50.04% |  50.00% |  -0.04 |  50.01% | 16002 |   1 |   1 |   0 |   0 |   0 |    0 | PHASE_1_SETPOINT_TRACKING
   76 |    760.0 | P1     | 16012 |  50.04% |  50.00% |  -0.04 |  50.03% | 16008 |   1 |   1 |   0 |   0 |   0 |    0 | PHASE_1_SETPOINT_TRACKING
   77 |    770.0 | P1     | 16012 |  50.04% |  50.00% |  -0.04 |  50.01% | 16002 |   1 |   1 |   0 |   0 |   0 |    0 | PHASE_1_SETPOINT_TRACKING
   78 |    780.0 | P1     | 16011 |  50.03% |  50.00% |  -0.03 |  50.03% | 16009 |   1 |   1 |   0 |   0 |   0 |    0 | PHASE_1_SETPOINT_TRACKING
   79 |    790.0 | P1     | 16011 |  50.03% |  50.00% |  -0.03 |  50.01% | 16002 |   1 |   1 |   0 |   0 |   0 |    0 | PHASE_1_SETPOINT_TRACKING
   80 |    800.0 | P1     | 16011 |  50.03% |  50.00% |  -0.03 |  50.00% | 16001 |   1 |   1 |   0 |   0 |   0 |    0 | PHASE_1_SETPOINT_TRACKING
   81 |    810.0 | P1     | 16010 |  50.03% |  50.00% |  -0.03 |  50.02% | 16008 |   1 |   1 |   0 |   0 |   0 |    0 | PHASE_1_SETPOINT_TRACKING
   82 |    820.0 | P1     | 16010 |  50.03% |  50.00% |  -0.03 |  50.01% | 16002 |   1 |   1 |   0 |   0 |   0 |    0 | PHASE_1_SETPOINT_TRACKING
   83 |    830.0 | P1     | 16010 |  50.03% |  50.00% |  -0.03 |  50.00% | 16000 |   1 |   1 |   0 |   0 |   0 |    0 | PHASE_1_SETPOINT_TRACKING
   84 |    840.0 | P1     | 16009 |  50.03% |  50.00% |  -0.03 |  50.02% | 16007 |   1 |   1 |   0 |   0 |   0 |    0 | PHASE_1_SETPOINT_TRACKING
   85 |    850.0 | P1     | 16009 |  50.03% |  50.00% |  -0.03 |  50.00% | 16001 |   1 |   1 |   0 |   0 |   0 |    0 | PHASE_1_SETPOINT_TRACKING
   86 |    860.0 | P1     | 16009 |  50.03% |  50.00% |  -0.03 |  50.00% | 16000 |   1 |   1 |   0 |   0 |   0 |    0 | PHASE_1_SETPOINT_TRACKING
   87 |    870.0 | P1     | 16008 |  50.02% |  50.00% |  -0.02 |  50.02% | 16007 |   1 |   1 |   0 |   0 |   0 |    0 | PHASE_1_SETPOINT_TRACKING
   88 |    880.0 | P1     | 16008 |  50.02% |  50.00% |  -0.02 |  50.00% | 16001 |   1 |   1 |   0 |   0 |   0 |    0 | PHASE_1_SETPOINT_TRACKING
   89 |    890.0 | P1     | 16008 |  50.02% |  50.00% |  -0.02 |  50.00% | 16000 |   1 |   1 |   0 |   0 |   0 |    0 | PHASE_1_SETPOINT_TRACKING
   90 |    900.0 | P1     | 16008 |  50.02% |  50.00% |  -0.02 |  50.00% | 15999 |   1 |   1 |   0 |   0 |   0 |    0 | PHASE_1_SETPOINT_TRACKING
   91 |    910.0 | P1     | 16007 |  50.02% |  50.00% |  -0.02 |  50.02% | 16007 |   1 |   1 |   0 |   0 |   0 |    0 | PHASE_1_SETPOINT_TRACKING
   92 |    920.0 | P1     | 16007 |  50.02% |  50.00% |  -0.02 |  50.00% | 16001 |   1 |   1 |   0 |   0 |   0 |    0 | PHASE_1_SETPOINT_TRACKING
   93 |    930.0 | P1     | 16007 |  50.02% |  50.00% |  -0.02 |  50.00% | 16000 |   1 |   1 |   0 |   0 |   0 |    0 | PHASE_1_SETPOINT_TRACKING
   94 |    940.0 | P1     | 16007 |  50.02% |  50.00% |  -0.02 |  50.00% | 15999 |   1 |   1 |   0 |   0 |   0 |    0 | PHASE_1_SETPOINT_TRACKING
   95 |    950.0 | P1     | 16006 |  50.02% |  50.00% |  -0.02 |  50.02% | 16006 |   1 |   1 |   0 |   0 |   0 |    0 | PHASE_1_SETPOINT_TRACKING
   96 |    960.0 | P1     | 16006 |  50.02% |  50.00% |  -0.02 |  50.00% | 16001 |   1 |   1 |   0 |   0 |   0 |    0 | PHASE_1_SETPOINT_TRACKING
   97 |    970.0 | P1     | 16006 |  50.02% |  50.00% |  -0.02 |  50.00% | 16000 |   1 |   1 |   0 |   0 |   0 |    0 | PHASE_1_SETPOINT_TRACKING
   98 |    980.0 | P1     | 16006 |  50.02% |  50.00% |  -0.02 |  50.00% | 15999 |   1 |   1 |   0 |   0 |   0 |    0 | PHASE_1_SETPOINT_TRACKING
   99 |    990.0 | P1     | 16005 |  50.02% |  50.00% |  -0.02 |  50.02% | 16007 |   1 |   1 |   0 |   0 |   0 |    0 | PHASE_1_SETPOINT_TRACKING
  100 |   1000.0 | P1     | 16005 |  50.02% |  50.00% |  -0.02 |  50.00% | 16001 |   1 |   1 |   0 |   0 |   0 |    0 | P1_STEADY_STATE_SETTLED_50.0%
  101 |   1010.0 | P2     | 16005 |  50.02% |  75.00% |  24.98 | 100.00% | 32000 |   1 |   1 |   0 |   0 |   0 |    0 | P2_STEP_TO_75.0%_INITIATED
  102 |   1020.0 | P2     | 16805 |  52.52% |  75.00% |  22.48 | 100.00% | 32000 |   1 |   1 |   0 |   0 |   0 |    0 | PHASE_2_STEP_RESPONSE
  103 |   1030.0 | P2     | 17565 |  54.89% |  75.00% |  20.11 | 100.00% | 32000 |   1 |   1 |   0 |   0 |   0 |    0 | PHASE_2_STEP_RESPONSE
  104 |   1040.0 | P2     | 18286 |  57.14% |  75.00% |  17.86 | 100.00% | 32000 |   1 |   1 |   0 |   0 |   0 |    0 | PHASE_2_STEP_RESPONSE
  105 |   1050.0 | P2     | 18972 |  59.29% |  75.00% |  15.71 |  98.61% | 31554 |   1 |   1 |   0 |   0 |   0 |    0 | PHASE_2_STEP_RESPONSE
  106 |   1060.0 | P2     | 19601 |  61.25% |  75.00% |  13.75 |  95.25% | 30480 |   1 |   1 |   0 |   0 |   0 |    0 | PHASE_2_STEP_RESPONSE
  107 |   1070.0 | P2     | 20145 |  62.95% |  75.00% |  12.05 |  92.92% | 29735 |   1 |   1 |   0 |   0 |   0 |    0 | PHASE_2_STEP_RESPONSE
  108 |   1080.0 | P2     | 20625 |  64.45% |  75.00% |  10.55 |  90.69% | 29020 |   1 |   1 |   0 |   0 |   0 |    0 | PHASE_2_STEP_RESPONSE
  109 |   1090.0 | P2     | 21044 |  65.76% |  75.00% |   9.24 |  88.82% | 28423 |   1 |   1 |   0 |   0 |   0 |    0 | PHASE_2_STEP_RESPONSE
  110 |   1100.0 | P2     | 21413 |  66.92% |  75.00% |   8.08 |  87.11% | 27877 |   1 |   1 |   0 |   0 |   0 |    0 | PHASE_2_STEP_RESPONSE
  111 |   1110.0 | P2     | 21736 |  67.92% |  75.00% |   7.08 |  85.65% | 27409 |   1 |   1 |   0 |   0 |   0 |    0 | PHASE_2_STEP_RESPONSE
  112 |   1120.0 | P2     | 22020 |  68.81% |  75.00% |   6.19 |  84.34% | 26990 |   1 |   1 |   0 |   0 |   0 |    0 | PHASE_2_STEP_RESPONSE
  113 |   1130.0 | P2     | 22269 |  69.59% |  75.00% |   5.41 |  83.20% | 26626 |   1 |   1 |   0 |   0 |   0 |    0 | PHASE_2_STEP_RESPONSE
  114 |   1140.0 | P2     | 22486 |  70.27% |  75.00% |   4.73 |  82.24% | 26316 |   1 |   1 |   0 |   0 |   0 |    0 | PHASE_2_STEP_RESPONSE
  115 |   1150.0 | P2     | 22678 |  70.87% |  75.00% |   4.13 |  81.32% | 26024 |   1 |   1 |   0 |   0 |   0 |    0 | PHASE_2_STEP_RESPONSE
  116 |   1160.0 | P2     | 22845 |  71.39% |  75.00% |   3.61 |  80.58% | 25787 |   1 |   1 |   0 |   0 |   0 |    0 | PHASE_2_STEP_RESPONSE
  117 |   1170.0 | P2     | 22992 |  71.85% |  75.00% |   3.15 |  79.90% | 25566 |   1 |   1 |   0 |   0 |   0 |    0 | PHASE_2_STEP_RESPONSE
  118 |   1180.0 | P2     | 23121 |  72.25% |  75.00% |   2.75 |  79.30% | 25375 |   1 |   1 |   0 |   0 |   0 |    0 | PHASE_2_STEP_RESPONSE
  119 |   1190.0 | P2     | 23234 |  72.61% |  75.00% |   2.39 |  78.77% | 25208 |   1 |   1 |   0 |   0 |   0 |    0 | PHASE_2_STEP_RESPONSE
  120 |   1200.0 | P2     | 23332 |  72.91% |  75.00% |   2.09 |  78.34% | 25069 |   1 |   1 |   0 |   0 |   0 |    0 | P2_TRANSIENT_RISE
  121 |   1210.0 | P2     | 23419 |  73.18% |  75.00% |   1.82 |  77.91% | 24933 |   1 |   1 |   0 |   0 |   0 |    0 | PHASE_2_STEP_RESPONSE
  122 |   1220.0 | P2     | 23495 |  73.42% |  75.00% |   1.58 |  77.56% | 24820 |   1 |   1 |   0 |   0 |   0 |    0 | PHASE_2_STEP_RESPONSE
  123 |   1230.0 | P2     | 23561 |  73.63% |  75.00% |   1.37 |  77.27% | 24725 |   1 |   1 |   0 |   0 |   0 |    0 | PHASE_2_STEP_RESPONSE
  124 |   1240.0 | P2     | 23619 |  73.81% |  75.00% |   1.19 |  76.99% | 24637 |   1 |   1 |   0 |   0 |   0 |    0 | PHASE_2_STEP_RESPONSE
  125 |   1250.0 | P2     | 23670 |  73.97% |  75.00% |   1.03 |  76.74% | 24558 |   1 |   1 |   0 |   0 |   0 |    0 | PHASE_2_STEP_RESPONSE
  126 |   1260.0 | P2     | 23715 |  74.11% |  75.00% |   0.89 |  76.52% | 24488 |   1 |   1 |   0 |   0 |   0 |    0 | PHASE_2_STEP_RESPONSE
  127 |   1270.0 | P2     | 23753 |  74.23% |  75.00% |   0.77 |  76.37% | 24438 |   1 |   1 |   0 |   0 |   0 |    0 | PHASE_2_STEP_RESPONSE
  128 |   1280.0 | P2     | 23788 |  74.34% |  75.00% |   0.66 |  76.17% | 24374 |   1 |   1 |   0 |   0 |   0 |    0 | PHASE_2_STEP_RESPONSE
  129 |   1290.0 | P2     | 23817 |  74.43% |  75.00% |   0.57 |  76.06% | 24339 |   1 |   1 |   0 |   0 |   0 |    0 | PHASE_2_STEP_RESPONSE
  130 |   1300.0 | P2     | 23843 |  74.51% |  75.00% |   0.49 |  75.92% | 24294 |   1 |   1 |   0 |   0 |   0 |    0 | PHASE_2_STEP_RESPONSE
  131 |   1310.0 | P2     | 23866 |  74.58% |  75.00% |   0.42 |  75.80% | 24257 |   1 |   1 |   0 |   0 |   0 |    0 | PHASE_2_STEP_RESPONSE
  132 |   1320.0 | P2     | 23885 |  74.64% |  75.00% |   0.36 |  75.73% | 24233 |   1 |   1 |   0 |   0 |   0 |    0 | PHASE_2_STEP_RESPONSE
  133 |   1330.0 | P2     | 23902 |  74.69% |  75.00% |   0.31 |  75.64% | 24204 |   1 |   1 |   0 |   0 |   0 |    0 | PHASE_2_STEP_RESPONSE
  134 |   1340.0 | P2     | 23918 |  74.74% |  75.00% |   0.26 |  75.53% | 24171 |   1 |   1 |   0 |   0 |   0 |    0 | PHASE_2_STEP_RESPONSE
  135 |   1350.0 | P2     | 23930 |  74.78% |  75.00% |   0.22 |  75.51% | 24163 |   1 |   1 |   0 |   0 |   0 |    0 | PHASE_2_STEP_RESPONSE
  136 |   1360.0 | P2     | 23942 |  74.82% |  75.00% |   0.18 |  75.42% | 24134 |   1 |   1 |   0 |   0 |   0 |    0 | PHASE_2_STEP_RESPONSE
  137 |   1370.0 | P2     | 23952 |  74.85% |  75.00% |   0.15 |  75.38% | 24120 |   1 |   1 |   0 |   0 |   0 |    0 | PHASE_2_STEP_RESPONSE
  138 |   1380.0 | P2     | 23960 |  74.88% |  75.00% |   0.12 |  75.35% | 24111 |   1 |   1 |   0 |   0 |   0 |    0 | PHASE_2_STEP_RESPONSE
  139 |   1390.0 | P2     | 23967 |  74.90% |  75.00% |   0.10 |  75.31% | 24099 |   1 |   1 |   0 |   0 |   0 |    0 | PHASE_2_STEP_RESPONSE
  140 |   1400.0 | P2     | 23974 |  74.92% |  75.00% |   0.08 |  75.25% | 24081 |   1 |   1 |   0 |   0 |   0 |    0 | PHASE_2_STEP_RESPONSE
  141 |   1410.0 | P2     | 23979 |  74.93% |  75.00% |   0.07 |  75.25% | 24078 |   1 |   1 |   0 |   0 |   0 |    0 | PHASE_2_STEP_RESPONSE
  142 |   1420.0 | P2     | 23984 |  74.95% |  75.00% |   0.05 |  75.20% | 24065 |   1 |   1 |   0 |   0 |   0 |    0 | PHASE_2_STEP_RESPONSE
  143 |   1430.0 | P2     | 23988 |  74.96% |  75.00% |   0.04 |  75.19% | 24060 |   1 |   1 |   0 |   0 |   0 |    0 | PHASE_2_STEP_RESPONSE
  144 |   1440.0 | P2     | 23992 |  74.98% |  75.00% |   0.02 |  75.15% | 24049 |   1 |   1 |   0 |   0 |   0 |    0 | PHASE_2_STEP_RESPONSE
  145 |   1450.0 | P2     | 23995 |  74.98% |  75.00% |   0.02 |  75.14% | 24045 |   1 |   1 |   0 |   0 |   0 |    0 | PHASE_2_STEP_RESPONSE
  146 |   1460.0 | P2     | 23997 |  74.99% |  75.00% |   0.01 |  75.14% | 24045 |   1 |   1 |   0 |   0 |   0 |    0 | PHASE_2_STEP_RESPONSE
  147 |   1470.0 | P2     | 24000 |  75.00% |  75.00% |   0.00 |  75.10% | 24031 |   1 |   1 |   0 |   0 |   0 |    0 | PHASE_2_STEP_RESPONSE
  148 |   1480.0 | P2     | 24001 |  75.00% |  75.00% |  -0.00 |  75.12% | 24038 |   1 |   1 |   0 |   0 |   0 |    0 | PHASE_2_STEP_RESPONSE
  149 |   1490.0 | P2     | 24003 |  75.01% |  75.00% |  -0.01 |  75.08% | 24026 |   1 |   1 |   0 |   0 |   0 |    0 | PHASE_2_STEP_RESPONSE
  150 |   1500.0 | P2     | 24004 |  75.01% |  75.00% |  -0.01 |  75.09% | 24028 |   1 |   1 |   0 |   0 |   0 |    0 | PHASE_2_STEP_RESPONSE
  151 |   1510.0 | P2     | 24005 |  75.02% |  75.00% |  -0.02 |  75.08% | 24024 |   1 |   1 |   0 |   0 |   0 |    0 | PHASE_2_STEP_RESPONSE
  152 |   1520.0 | P2     | 24006 |  75.02% |  75.00% |  -0.02 |  75.06% | 24020 |   1 |   1 |   0 |   0 |   0 |    0 | PHASE_2_STEP_RESPONSE
  153 |   1530.0 | P2     | 24007 |  75.02% |  75.00% |  -0.02 |  75.05% | 24017 |   1 |   1 |   0 |   0 |   0 |    0 | PHASE_2_STEP_RESPONSE
  154 |   1540.0 | P2     | 24008 |  75.02% |  75.00% |  -0.02 |  75.04% | 24013 |   1 |   1 |   0 |   0 |   0 |    0 | PHASE_2_STEP_RESPONSE
  155 |   1550.0 | P2     | 24008 |  75.02% |  75.00% |  -0.02 |  75.05% | 24017 |   1 |   1 |   0 |   0 |   0 |    0 | PHASE_2_STEP_RESPONSE
  156 |   1560.0 | P2     | 24008 |  75.02% |  75.00% |  -0.02 |  75.05% | 24016 |   1 |   1 |   0 |   0 |   0 |    0 | PHASE_2_STEP_RESPONSE
  157 |   1570.0 | P2     | 24009 |  75.03% |  75.00% |  -0.03 |  75.02% | 24007 |   1 |   1 |   0 |   0 |   0 |    0 | PHASE_2_STEP_RESPONSE
  158 |   1580.0 | P2     | 24009 |  75.03% |  75.00% |  -0.03 |  75.03% | 24011 |   1 |   1 |   0 |   0 |   0 |    0 | PHASE_2_STEP_RESPONSE
  159 |   1590.0 | P2     | 24009 |  75.03% |  75.00% |  -0.03 |  75.03% | 24009 |   1 |   1 |   0 |   0 |   0 |    0 | PHASE_2_STEP_RESPONSE
  160 |   1600.0 | P2     | 24009 |  75.03% |  75.00% |  -0.03 |  75.03% | 24008 |   1 |   1 |   0 |   0 |   0 |    0 | P2_APPROACHING_75.0%
  161 |   1610.0 | P2     | 24009 |  75.03% |  75.00% |  -0.03 |  75.02% | 24007 |   1 |   1 |   0 |   0 |   0 |    0 | PHASE_2_STEP_RESPONSE
  162 |   1620.0 | P2     | 24009 |  75.03% |  75.00% |  -0.03 |  75.02% | 24006 |   1 |   1 |   0 |   0 |   0 |    0 | PHASE_2_STEP_RESPONSE
  163 |   1630.0 | P2     | 24008 |  75.02% |  75.00% |  -0.02 |  75.04% | 24013 |   1 |   1 |   0 |   0 |   0 |    0 | PHASE_2_STEP_RESPONSE
  164 |   1640.0 | P2     | 24009 |  75.03% |  75.00% |  -0.03 |  75.00% | 23999 |   1 |   1 |   0 |   0 |   0 |    0 | PHASE_2_STEP_RESPONSE
  165 |   1650.0 | P2     | 24008 |  75.02% |  75.00% |  -0.02 |  75.04% | 24011 |   1 |   1 |   0 |   0 |   0 |    0 | PHASE_2_STEP_RESPONSE
  166 |   1660.0 | P2     | 24008 |  75.02% |  75.00% |  -0.02 |  75.02% | 24005 |   1 |   1 |   0 |   0 |   0 |    0 | PHASE_2_STEP_RESPONSE
  167 |   1670.0 | P2     | 24008 |  75.02% |  75.00% |  -0.02 |  75.01% | 24004 |   1 |   1 |   0 |   0 |   0 |    0 | PHASE_2_STEP_RESPONSE
  168 |   1680.0 | P2     | 24008 |  75.02% |  75.00% |  -0.02 |  75.01% | 24003 |   1 |   1 |   0 |   0 |   0 |    0 | PHASE_2_STEP_RESPONSE
  169 |   1690.0 | P2     | 24008 |  75.02% |  75.00% |  -0.02 |  75.01% | 24002 |   1 |   1 |   0 |   0 |   0 |    0 | PHASE_2_STEP_RESPONSE
  170 |   1700.0 | P2     | 24008 |  75.02% |  75.00% |  -0.02 |  75.00% | 24001 |   1 |   1 |   0 |   0 |   0 |    0 | PHASE_2_STEP_RESPONSE
  171 |   1710.0 | P2     | 24007 |  75.02% |  75.00% |  -0.02 |  75.03% | 24009 |   1 |   1 |   0 |   0 |   0 |    0 | PHASE_2_STEP_RESPONSE
  172 |   1720.0 | P2     | 24007 |  75.02% |  75.00% |  -0.02 |  75.01% | 24003 |   1 |   1 |   0 |   0 |   0 |    0 | PHASE_2_STEP_RESPONSE
  173 |   1730.0 | P2     | 24007 |  75.02% |  75.00% |  -0.02 |  75.01% | 24002 |   1 |   1 |   0 |   0 |   0 |    0 | PHASE_2_STEP_RESPONSE
  174 |   1740.0 | P2     | 24007 |  75.02% |  75.00% |  -0.02 |  75.00% | 24001 |   1 |   1 |   0 |   0 |   0 |    0 | PHASE_2_STEP_RESPONSE
  175 |   1750.0 | P2     | 24007 |  75.02% |  75.00% |  -0.02 |  75.00% | 24000 |   1 |   1 |   0 |   0 |   0 |    0 | PHASE_2_STEP_RESPONSE
  176 |   1760.0 | P2     | 24006 |  75.02% |  75.00% |  -0.02 |  75.02% | 24008 |   1 |   1 |   0 |   0 |   0 |    0 | PHASE_2_STEP_RESPONSE
  177 |   1770.0 | P2     | 24006 |  75.02% |  75.00% |  -0.02 |  75.01% | 24002 |   1 |   1 |   0 |   0 |   0 |    0 | PHASE_2_STEP_RESPONSE
  178 |   1780.0 | P2     | 24006 |  75.02% |  75.00% |  -0.02 |  75.00% | 24001 |   1 |   1 |   0 |   0 |   0 |    0 | PHASE_2_STEP_RESPONSE
  179 |   1790.0 | P2     | 24006 |  75.02% |  75.00% |  -0.02 |  75.00% | 24000 |   1 |   1 |   0 |   0 |   0 |    0 | PHASE_2_STEP_RESPONSE
  180 |   1800.0 | P2     | 24006 |  75.02% |  75.00% |  -0.02 |  75.00% | 24000 |   1 |   1 |   0 |   0 |   0 |    0 | PHASE_2_STEP_RESPONSE
  181 |   1810.0 | P2     | 24005 |  75.02% |  75.00% |  -0.02 |  75.02% | 24007 |   1 |   1 |   0 |   0 |   0 |    0 | PHASE_2_STEP_RESPONSE
  182 |   1820.0 | P2     | 24005 |  75.02% |  75.00% |  -0.02 |  75.00% | 24001 |   1 |   1 |   0 |   0 |   0 |    0 | PHASE_2_STEP_RESPONSE
  183 |   1830.0 | P2     | 24005 |  75.02% |  75.00% |  -0.02 |  75.00% | 24001 |   1 |   1 |   0 |   0 |   0 |    0 | PHASE_2_STEP_RESPONSE
  184 |   1840.0 | P2     | 24005 |  75.02% |  75.00% |  -0.02 |  75.00% | 24000 |   1 |   1 |   0 |   0 |   0 |    0 | PHASE_2_STEP_RESPONSE
  185 |   1850.0 | P2     | 24005 |  75.02% |  75.00% |  -0.02 |  75.00% | 24000 |   1 |   1 |   0 |   0 |   0 |    0 | PHASE_2_STEP_RESPONSE
  186 |   1860.0 | P2     | 24004 |  75.01% |  75.00% |  -0.01 |  75.02% | 24007 |   1 |   1 |   0 |   0 |   0 |    0 | PHASE_2_STEP_RESPONSE
  187 |   1870.0 | P2     | 24005 |  75.02% |  75.00% |  -0.02 |  74.98% | 23994 |   1 |   1 |   0 |   0 |   0 |    0 | PHASE_2_STEP_RESPONSE
  188 |   1880.0 | P2     | 24004 |  75.01% |  75.00% |  -0.01 |  75.02% | 24006 |   1 |   1 |   0 |   0 |   0 |    0 | PHASE_2_STEP_RESPONSE
  189 |   1890.0 | P2     | 24004 |  75.01% |  75.00% |  -0.01 |  75.00% | 24001 |   1 |   1 |   0 |   0 |   0 |    0 | PHASE_2_STEP_RESPONSE
  190 |   1900.0 | P2     | 24004 |  75.01% |  75.00% |  -0.01 |  75.00% | 24000 |   1 |   1 |   0 |   0 |   0 |    0 | PHASE_2_STEP_RESPONSE
  191 |   1910.0 | P2     | 24004 |  75.01% |  75.00% |  -0.01 |  75.00% | 24000 |   1 |   1 |   0 |   0 |   0 |    0 | PHASE_2_STEP_RESPONSE
  192 |   1920.0 | P2     | 24004 |  75.01% |  75.00% |  -0.01 |  75.00% | 23999 |   1 |   1 |   0 |   0 |   0 |    0 | PHASE_2_STEP_RESPONSE
  193 |   1930.0 | P2     | 24003 |  75.01% |  75.00% |  -0.01 |  75.02% | 24007 |   1 |   1 |   0 |   0 |   0 |    0 | PHASE_2_STEP_RESPONSE
  194 |   1940.0 | P2     | 24003 |  75.01% |  75.00% |  -0.01 |  75.00% | 24001 |   1 |   1 |   0 |   0 |   0 |    0 | PHASE_2_STEP_RESPONSE
  195 |   1950.0 | P2     | 24003 |  75.01% |  75.00% |  -0.01 |  75.00% | 24001 |   1 |   1 |   0 |   0 |   0 |    0 | PHASE_2_STEP_RESPONSE
  196 |   1960.0 | P2     | 24003 |  75.01% |  75.00% |  -0.01 |  75.00% | 24001 |   1 |   1 |   0 |   0 |   0 |    0 | PHASE_2_STEP_RESPONSE
  197 |   1970.0 | P2     | 24003 |  75.01% |  75.00% |  -0.01 |  75.00% | 24000 |   1 |   1 |   0 |   0 |   0 |    0 | PHASE_2_STEP_RESPONSE
  198 |   1980.0 | P2     | 24003 |  75.01% |  75.00% |  -0.01 |  75.00% | 24000 |   1 |   1 |   0 |   0 |   0 |    0 | PHASE_2_STEP_RESPONSE
  199 |   1990.0 | P2     | 24003 |  75.01% |  75.00% |  -0.01 |  75.00% | 24000 |   1 |   1 |   0 |   0 |   0 |    0 | PHASE_2_STEP_RESPONSE
  200 |   2000.0 | P2     | 24003 |  75.01% |  75.00% |  -0.01 |  75.00% | 23999 |   1 |   1 |   0 |   0 |   0 |    0 | P2_STEADY_STATE_SETTLED_75.0%
  201 |   2010.0 | P3     | 24003 |  75.01% |  75.00% |  -0.01 |  75.00% | 23999 |   1 |   1 |   0 |   0 |   0 |    0 | P3_OUTFLOW_SURGE_DISTURBANCE_APPLIED
  202 |   2020.0 | P3     | 23810 |  74.41% |  75.00% |   0.59 |  79.89% | 25566 |   1 |   1 |   0 |   0 |   0 |    0 | PHASE_3_DISTURBANCE_REJECTION
  203 |   2030.0 | P3     | 23706 |  74.08% |  75.00% |   0.92 |  79.59% | 25468 |   1 |   1 |   0 |   0 |   0 |    0 | PHASE_3_DISTURBANCE_REJECTION
  204 |   2040.0 | P3     | 23602 |  73.76% |  75.00% |   1.24 |  80.71% | 25828 |   1 |   1 |   0 |   0 |   0 |    0 | PHASE_3_DISTURBANCE_REJECTION
  205 |   2050.0 | P3     | 23521 |  73.50% |  75.00% |   1.50 |  81.29% | 26013 |   1 |   1 |   0 |   0 |   0 |    0 | PHASE_3_DISTURBANCE_REJECTION
  206 |   2060.0 | P3     | 23454 |  73.29% |  75.00% |   1.71 |  81.91% | 26210 |   1 |   1 |   0 |   0 |   0 |    0 | PHASE_3_DISTURBANCE_REJECTION
  207 |   2070.0 | P3     | 23400 |  73.12% |  75.00% |   1.88 |  82.43% | 26379 |   1 |   1 |   0 |   0 |   0 |    0 | PHASE_3_DISTURBANCE_REJECTION
  208 |   2080.0 | P3     | 23357 |  72.99% |  75.00% |   2.01 |  82.91% | 26530 |   1 |   1 |   0 |   0 |   0 |    0 | PHASE_3_DISTURBANCE_REJECTION
  209 |   2090.0 | P3     | 23323 |  72.88% |  75.00% |   2.12 |  83.34% | 26668 |   1 |   1 |   0 |   0 |   0 |    0 | PHASE_3_DISTURBANCE_REJECTION
  210 |   2100.0 | P3     | 23299 |  72.81% |  75.00% |   2.19 |  83.67% | 26774 |   1 |   1 |   0 |   0 |   0 |    0 | PHASE_3_DISTURBANCE_REJECTION
  211 |   2110.0 | P3     | 23280 |  72.75% |  75.00% |   2.25 |  84.04% | 26893 |   1 |   1 |   0 |   0 |   0 |    0 | PHASE_3_DISTURBANCE_REJECTION
  212 |   2120.0 | P3     | 23269 |  72.72% |  75.00% |   2.28 |  84.29% | 26973 |   1 |   1 |   0 |   0 |   0 |    0 | PHASE_3_DISTURBANCE_REJECTION
  213 |   2130.0 | P3     | 23262 |  72.69% |  75.00% |   2.31 |  84.57% | 27063 |   1 |   1 |   0 |   0 |   0 |    0 | PHASE_3_DISTURBANCE_REJECTION
  214 |   2140.0 | P3     | 23260 |  72.69% |  75.00% |   2.31 |  84.79% | 27133 |   1 |   1 |   0 |   0 |   0 |    0 | PHASE_3_DISTURBANCE_REJECTION
  215 |   2150.0 | P3     | 23262 |  72.69% |  75.00% |   2.31 |  84.99% | 27195 |   1 |   1 |   0 |   0 |   0 |    0 | P3_LEVEL_DIP_PID_COMPENSATING
  216 |   2160.0 | P3     | 23267 |  72.71% |  75.00% |   2.29 |  85.17% | 27253 |   1 |   1 |   0 |   0 |   0 |    0 | PHASE_3_DISTURBANCE_REJECTION
  217 |   2170.0 | P3     | 23274 |  72.73% |  75.00% |   2.27 |  85.34% | 27309 |   1 |   1 |   0 |   0 |   0 |    0 | PHASE_3_DISTURBANCE_REJECTION
  218 |   2180.0 | P3     | 23284 |  72.76% |  75.00% |   2.24 |  85.47% | 27350 |   1 |   1 |   0 |   0 |   0 |    0 | PHASE_3_DISTURBANCE_REJECTION
  219 |   2190.0 | P3     | 23295 |  72.80% |  75.00% |   2.20 |  85.62% | 27397 |   1 |   1 |   0 |   0 |   0 |    0 | PHASE_3_DISTURBANCE_REJECTION
  220 |   2200.0 | P3     | 23308 |  72.84% |  75.00% |   2.16 |  85.72% | 27431 |   1 |   1 |   0 |   0 |   0 |    0 | PHASE_3_DISTURBANCE_REJECTION
  221 |   2210.0 | P3     | 23322 |  72.88% |  75.00% |   2.12 |  85.83% | 27465 |   1 |   1 |   0 |   0 |   0 |    0 | PHASE_3_DISTURBANCE_REJECTION
  222 |   2220.0 | P3     | 23337 |  72.93% |  75.00% |   2.07 |  85.92% | 27495 |   1 |   1 |   0 |   0 |   0 |    0 | PHASE_3_DISTURBANCE_REJECTION
  223 |   2230.0 | P3     | 23353 |  72.98% |  75.00% |   2.02 |  86.00% | 27520 |   1 |   1 |   0 |   0 |   0 |    0 | PHASE_3_DISTURBANCE_REJECTION
  224 |   2240.0 | P3     | 23370 |  73.03% |  75.00% |   1.97 |  86.06% | 27539 |   1 |   1 |   0 |   0 |   0 |    0 | PHASE_3_DISTURBANCE_REJECTION
  225 |   2250.0 | P3     | 23386 |  73.08% |  75.00% |   1.92 |  86.16% | 27570 |   1 |   1 |   0 |   0 |   0 |    0 | PHASE_3_DISTURBANCE_REJECTION
  226 |   2260.0 | P3     | 23403 |  73.13% |  75.00% |   1.87 |  86.20% | 27585 |   1 |   1 |   0 |   0 |   0 |    0 | PHASE_3_DISTURBANCE_REJECTION
  227 |   2270.0 | P3     | 23420 |  73.19% |  75.00% |   1.81 |  86.26% | 27604 |   1 |   1 |   0 |   0 |   0 |    0 | PHASE_3_DISTURBANCE_REJECTION
  228 |   2280.0 | P3     | 23438 |  73.24% |  75.00% |   1.76 |  86.29% | 27612 |   1 |   1 |   0 |   0 |   0 |    0 | PHASE_3_DISTURBANCE_REJECTION
  229 |   2290.0 | P3     | 23454 |  73.29% |  75.00% |   1.71 |  86.37% | 27640 |   1 |   1 |   0 |   0 |   0 |    0 | PHASE_3_DISTURBANCE_REJECTION
  230 |   2300.0 | P3     | 23472 |  73.35% |  75.00% |   1.65 |  86.37% | 27639 |   1 |   1 |   0 |   0 |   0 |    0 | PHASE_3_DISTURBANCE_REJECTION
  231 |   2310.0 | P3     | 23488 |  73.40% |  75.00% |   1.60 |  86.45% | 27663 |   1 |   1 |   0 |   0 |   0 |    0 | PHASE_3_DISTURBANCE_REJECTION
  232 |   2320.0 | P3     | 23505 |  73.45% |  75.00% |   1.55 |  86.46% | 27666 |   1 |   1 |   0 |   0 |   0 |    0 | PHASE_3_DISTURBANCE_REJECTION
  233 |   2330.0 | P3     | 23521 |  73.50% |  75.00% |   1.50 |  86.50% | 27681 |   1 |   1 |   0 |   0 |   0 |    0 | PHASE_3_DISTURBANCE_REJECTION
  234 |   2340.0 | P3     | 23537 |  73.55% |  75.00% |   1.45 |  86.53% | 27688 |   1 |   1 |   0 |   0 |   0 |    0 | PHASE_3_DISTURBANCE_REJECTION
  235 |   2350.0 | P3     | 23552 |  73.60% |  75.00% |   1.40 |  86.57% | 27702 |   1 |   1 |   0 |   0 |   0 |    0 | PHASE_3_DISTURBANCE_REJECTION
  236 |   2360.0 | P3     | 23568 |  73.65% |  75.00% |   1.35 |  86.57% | 27701 |   1 |   1 |   0 |   0 |   0 |    0 | PHASE_3_DISTURBANCE_REJECTION
  237 |   2370.0 | P3     | 23583 |  73.70% |  75.00% |   1.30 |  86.60% | 27711 |   1 |   1 |   0 |   0 |   0 |    0 | PHASE_3_DISTURBANCE_REJECTION
  238 |   2380.0 | P3     | 23597 |  73.74% |  75.00% |   1.26 |  86.63% | 27722 |   1 |   1 |   0 |   0 |   0 |    0 | PHASE_3_DISTURBANCE_REJECTION
  239 |   2390.0 | P3     | 23611 |  73.78% |  75.00% |   1.22 |  86.65% | 27727 |   1 |   1 |   0 |   0 |   0 |    0 | PHASE_3_DISTURBANCE_REJECTION
  240 |   2400.0 | P3     | 23625 |  73.83% |  75.00% |   1.17 |  86.66% | 27730 |   1 |   1 |   0 |   0 |   0 |    0 | PHASE_3_DISTURBANCE_REJECTION
  241 |   2410.0 | P3     | 23638 |  73.87% |  75.00% |   1.13 |  86.69% | 27739 |   1 |   1 |   0 |   0 |   0 |    0 | PHASE_3_DISTURBANCE_REJECTION
  242 |   2420.0 | P3     | 23651 |  73.91% |  75.00% |   1.09 |  86.69% | 27742 |   1 |   1 |   0 |   0 |   0 |    0 | PHASE_3_DISTURBANCE_REJECTION
  243 |   2430.0 | P3     | 23664 |  73.95% |  75.00% |   1.05 |  86.70% | 27744 |   1 |   1 |   0 |   0 |   0 |    0 | PHASE_3_DISTURBANCE_REJECTION
  244 |   2440.0 | P3     | 23676 |  73.99% |  75.00% |   1.01 |  86.72% | 27751 |   1 |   1 |   0 |   0 |   0 |    0 | PHASE_3_DISTURBANCE_REJECTION
  245 |   2450.0 | P3     | 23688 |  74.02% |  75.00% |   0.98 |  86.73% | 27753 |   1 |   1 |   0 |   0 |   0 |    0 | PHASE_3_DISTURBANCE_REJECTION
  246 |   2460.0 | P3     | 23699 |  74.06% |  75.00% |   0.94 |  86.75% | 27761 |   1 |   1 |   0 |   0 |   0 |    0 | PHASE_3_DISTURBANCE_REJECTION
  247 |   2470.0 | P3     | 23710 |  74.09% |  75.00% |   0.91 |  86.76% | 27763 |   1 |   1 |   0 |   0 |   0 |    0 | PHASE_3_DISTURBANCE_REJECTION
  248 |   2480.0 | P3     | 23721 |  74.13% |  75.00% |   0.87 |  86.76% | 27763 |   1 |   1 |   0 |   0 |   0 |    0 | PHASE_3_DISTURBANCE_REJECTION
  249 |   2490.0 | P3     | 23731 |  74.16% |  75.00% |   0.84 |  86.78% | 27771 |   1 |   1 |   0 |   0 |   0 |    0 | PHASE_3_DISTURBANCE_REJECTION
  250 |   2500.0 | P3     | 23741 |  74.19% |  75.00% |   0.81 |  86.79% | 27772 |   1 |   1 |   0 |   0 |   0 |    0 | P3_INTEGRAL_BOOST_RESTORES_PV
  251 |   2510.0 | P3     | 23750 |  74.22% |  75.00% |   0.78 |  86.81% | 27780 |   1 |   1 |   0 |   0 |   0 |    0 | PHASE_3_DISTURBANCE_REJECTION
  252 |   2520.0 | P3     | 23760 |  74.25% |  75.00% |   0.75 |  86.79% | 27773 |   1 |   1 |   0 |   0 |   0 |    0 | PHASE_3_DISTURBANCE_REJECTION
  253 |   2530.0 | P3     | 23768 |  74.28% |  75.00% |   0.72 |  86.84% | 27787 |   1 |   1 |   0 |   0 |   0 |    0 | PHASE_3_DISTURBANCE_REJECTION
  254 |   2540.0 | P3     | 23777 |  74.30% |  75.00% |   0.70 |  86.82% | 27782 |   1 |   1 |   0 |   0 |   0 |    0 | PHASE_3_DISTURBANCE_REJECTION
  255 |   2550.0 | P3     | 23786 |  74.33% |  75.00% |   0.67 |  86.81% | 27781 |   1 |   1 |   0 |   0 |   0 |    0 | PHASE_3_DISTURBANCE_REJECTION
  256 |   2560.0 | P3     | 23793 |  74.35% |  75.00% |   0.65 |  86.86% | 27795 |   1 |   1 |   0 |   0 |   0 |    0 | PHASE_3_DISTURBANCE_REJECTION
  257 |   2570.0 | P3     | 23801 |  74.38% |  75.00% |   0.62 |  86.84% | 27789 |   1 |   1 |   0 |   0 |   0 |    0 | PHASE_3_DISTURBANCE_REJECTION
  258 |   2580.0 | P3     | 23809 |  74.40% |  75.00% |   0.60 |  86.84% | 27788 |   1 |   1 |   0 |   0 |   0 |    0 | PHASE_3_DISTURBANCE_REJECTION
  259 |   2590.0 | P3     | 23816 |  74.42% |  75.00% |   0.58 |  86.86% | 27794 |   1 |   1 |   0 |   0 |   0 |    0 | PHASE_3_DISTURBANCE_REJECTION
  260 |   2600.0 | P3     | 23823 |  74.45% |  75.00% |   0.55 |  86.86% | 27795 |   1 |   1 |   0 |   0 |   0 |    0 | PHASE_3_DISTURBANCE_REJECTION
  261 |   2610.0 | P3     | 23829 |  74.47% |  75.00% |   0.53 |  86.88% | 27802 |   1 |   1 |   0 |   0 |   0 |    0 | PHASE_3_DISTURBANCE_REJECTION
  262 |   2620.0 | P3     | 23836 |  74.49% |  75.00% |   0.51 |  86.86% | 27796 |   1 |   1 |   0 |   0 |   0 |    0 | PHASE_3_DISTURBANCE_REJECTION
  263 |   2630.0 | P3     | 23842 |  74.51% |  75.00% |   0.49 |  86.88% | 27802 |   1 |   1 |   0 |   0 |   0 |    0 | PHASE_3_DISTURBANCE_REJECTION
  264 |   2640.0 | P3     | 23848 |  74.52% |  75.00% |   0.48 |  86.88% | 27802 |   1 |   1 |   0 |   0 |   0 |    0 | PHASE_3_DISTURBANCE_REJECTION
  265 |   2650.0 | P3     | 23854 |  74.54% |  75.00% |   0.46 |  86.88% | 27802 |   1 |   1 |   0 |   0 |   0 |    0 | PHASE_3_DISTURBANCE_REJECTION
  266 |   2660.0 | P3     | 23859 |  74.56% |  75.00% |   0.44 |  86.90% | 27809 |   1 |   1 |   0 |   0 |   0 |    0 | PHASE_3_DISTURBANCE_REJECTION
  267 |   2670.0 | P3     | 23865 |  74.58% |  75.00% |   0.42 |  86.88% | 27802 |   1 |   1 |   0 |   0 |   0 |    0 | PHASE_3_DISTURBANCE_REJECTION
  268 |   2680.0 | P3     | 23869 |  74.59% |  75.00% |   0.41 |  86.92% | 27815 |   1 |   1 |   0 |   0 |   0 |    0 | PHASE_3_DISTURBANCE_REJECTION
  269 |   2690.0 | P3     | 23875 |  74.61% |  75.00% |   0.39 |  86.88% | 27802 |   1 |   1 |   0 |   0 |   0 |    0 | PHASE_3_DISTURBANCE_REJECTION
  270 |   2700.0 | P3     | 23879 |  74.62% |  75.00% |   0.38 |  86.92% | 27815 |   1 |   1 |   0 |   0 |   0 |    0 | PHASE_3_DISTURBANCE_REJECTION
  271 |   2710.0 | P3     | 23884 |  74.64% |  75.00% |   0.36 |  86.90% | 27809 |   1 |   1 |   0 |   0 |   0 |    0 | PHASE_3_DISTURBANCE_REJECTION
  272 |   2720.0 | P3     | 23888 |  74.65% |  75.00% |   0.35 |  86.92% | 27815 |   1 |   1 |   0 |   0 |   0 |    0 | PHASE_3_DISTURBANCE_REJECTION
  273 |   2730.0 | P3     | 23892 |  74.66% |  75.00% |   0.34 |  86.93% | 27816 |   1 |   1 |   0 |   0 |   0 |    0 | PHASE_3_DISTURBANCE_REJECTION
  274 |   2740.0 | P3     | 23897 |  74.68% |  75.00% |   0.32 |  86.90% | 27809 |   1 |   1 |   0 |   0 |   0 |    0 | PHASE_3_DISTURBANCE_REJECTION
  275 |   2750.0 | P3     | 23900 |  74.69% |  75.00% |   0.31 |  86.94% | 27822 |   1 |   1 |   0 |   0 |   0 |    0 | PHASE_3_DISTURBANCE_REJECTION
  276 |   2760.0 | P3     | 23904 |  74.70% |  75.00% |   0.30 |  86.93% | 27816 |   1 |   1 |   0 |   0 |   0 |    0 | PHASE_3_DISTURBANCE_REJECTION
  277 |   2770.0 | P3     | 23908 |  74.71% |  75.00% |   0.29 |  86.92% | 27815 |   1 |   1 |   0 |   0 |   0 |    0 | PHASE_3_DISTURBANCE_REJECTION
  278 |   2780.0 | P3     | 23911 |  74.72% |  75.00% |   0.28 |  86.94% | 27822 |   1 |   1 |   0 |   0 |   0 |    0 | PHASE_3_DISTURBANCE_REJECTION
  279 |   2790.0 | P3     | 23915 |  74.73% |  75.00% |   0.27 |  86.92% | 27815 |   1 |   1 |   0 |   0 |   0 |    0 | PHASE_3_DISTURBANCE_REJECTION
  280 |   2800.0 | P3     | 23918 |  74.74% |  75.00% |   0.26 |  86.94% | 27821 |   1 |   1 |   0 |   0 |   0 |    0 | PHASE_3_DISTURBANCE_REJECTION
  281 |   2810.0 | P3     | 23921 |  74.75% |  75.00% |   0.25 |  86.94% | 27821 |   1 |   1 |   0 |   0 |   0 |    0 | PHASE_3_DISTURBANCE_REJECTION
  282 |   2820.0 | P3     | 23924 |  74.76% |  75.00% |   0.24 |  86.94% | 27822 |   1 |   1 |   0 |   0 |   0 |    0 | PHASE_3_DISTURBANCE_REJECTION
  283 |   2830.0 | P3     | 23927 |  74.77% |  75.00% |   0.23 |  86.94% | 27821 |   1 |   1 |   0 |   0 |   0 |    0 | PHASE_3_DISTURBANCE_REJECTION
  284 |   2840.0 | P3     | 23930 |  74.78% |  75.00% |   0.22 |  86.94% | 27821 |   1 |   1 |   0 |   0 |   0 |    0 | PHASE_3_DISTURBANCE_REJECTION
  285 |   2850.0 | P3     | 23932 |  74.79% |  75.00% |   0.21 |  86.96% | 27828 |   1 |   1 |   0 |   0 |   0 |    0 | PHASE_3_DISTURBANCE_REJECTION
  286 |   2860.0 | P3     | 23935 |  74.80% |  75.00% |   0.20 |  86.94% | 27822 |   1 |   1 |   0 |   0 |   0 |    0 | PHASE_3_DISTURBANCE_REJECTION
  287 |   2870.0 | P3     | 23937 |  74.80% |  75.00% |   0.20 |  86.96% | 27828 |   1 |   1 |   0 |   0 |   0 |    0 | PHASE_3_DISTURBANCE_REJECTION
  288 |   2880.0 | P3     | 23940 |  74.81% |  75.00% |   0.19 |  86.94% | 27821 |   1 |   1 |   0 |   0 |   0 |    0 | PHASE_3_DISTURBANCE_REJECTION
  289 |   2890.0 | P3     | 23942 |  74.82% |  75.00% |   0.18 |  86.96% | 27827 |   1 |   1 |   0 |   0 |   0 |    0 | PHASE_3_DISTURBANCE_REJECTION
  290 |   2900.0 | P3     | 23944 |  74.83% |  75.00% |   0.17 |  86.96% | 27828 |   1 |   1 |   0 |   0 |   0 |    0 | PHASE_3_DISTURBANCE_REJECTION
  291 |   2910.0 | P3     | 23946 |  74.83% |  75.00% |   0.17 |  86.96% | 27829 |   1 |   1 |   0 |   0 |   0 |    0 | PHASE_3_DISTURBANCE_REJECTION
  292 |   2920.0 | P3     | 23948 |  74.84% |  75.00% |   0.16 |  86.96% | 27829 |   1 |   1 |   0 |   0 |   0 |    0 | PHASE_3_DISTURBANCE_REJECTION
  293 |   2930.0 | P3     | 23950 |  74.84% |  75.00% |   0.16 |  86.96% | 27829 |   1 |   1 |   0 |   0 |   0 |    0 | PHASE_3_DISTURBANCE_REJECTION
  294 |   2940.0 | P3     | 23952 |  74.85% |  75.00% |   0.15 |  86.96% | 27829 |   1 |   1 |   0 |   0 |   0 |    0 | PHASE_3_DISTURBANCE_REJECTION
  295 |   2950.0 | P3     | 23954 |  74.86% |  75.00% |   0.14 |  86.96% | 27828 |   1 |   1 |   0 |   0 |   0 |    0 | PHASE_3_DISTURBANCE_REJECTION
  296 |   2960.0 | P3     | 23956 |  74.86% |  75.00% |   0.14 |  86.96% | 27827 |   1 |   1 |   0 |   0 |   0 |    0 | PHASE_3_DISTURBANCE_REJECTION
  297 |   2970.0 | P3     | 23957 |  74.87% |  75.00% |   0.13 |  86.98% | 27835 |   1 |   1 |   0 |   0 |   0 |    0 | PHASE_3_DISTURBANCE_REJECTION
  298 |   2980.0 | P3     | 23959 |  74.87% |  75.00% |   0.13 |  86.96% | 27828 |   1 |   1 |   0 |   0 |   0 |    0 | PHASE_3_DISTURBANCE_REJECTION
  299 |   2990.0 | P3     | 23961 |  74.88% |  75.00% |   0.12 |  86.96% | 27827 |   1 |   1 |   0 |   0 |   0 |    0 | PHASE_3_DISTURBANCE_REJECTION
  300 |   3000.0 | P3     | 23962 |  74.88% |  75.00% |   0.12 |  86.98% | 27834 |   1 |   1 |   0 |   0 |   0 |    0 | P3_DISTURBANCE_FULLY_REJECTED_75.0%
  301 |   3010.0 | P4     | 29440 |  92.00% |  75.00% | -17.00 |   0.00% |     0 |   1 |   0 |   1 |   1 |   0 |    0 | P4_OVERFILL_SURGE_92.0%_CRITICAL_TRIP
  302 |   3020.0 | P4     | 29440 |  92.00% |  75.00% | -17.00 |  31.56% | 10099 |   1 |   0 |   1 |   1 |   0 |    0 | P4_OVERFILL_PEAK_INFLOW_ISOLATED
  303 |   3030.0 | P4     | 29440 |  92.00% |  75.00% | -17.00 |  29.52% |  9446 |   1 |   0 |   1 |   1 |   0 |    0 | P4_OVERFILL_PEAK_INFLOW_ISOLATED
  304 |   3040.0 | P4     | 29440 |  92.00% |  75.00% | -17.00 |  27.48% |  8793 |   1 |   0 |   1 |   1 |   0 |    0 | P4_OVERFILL_PEAK_INFLOW_ISOLATED
  305 |   3050.0 | P4     | 29440 |  92.00% |  75.00% | -17.00 |  25.44% |  8141 |   1 |   0 |   1 |   1 |   0 |    0 | P4_OVERFILL_PEAK_INFLOW_ISOLATED
  306 |   3060.0 | P4     | 29440 |  92.00% |  75.00% | -17.00 |  23.40% |  7488 |   1 |   0 |   1 |   1 |   0 |    0 | P4_OVERFILL_PEAK_INFLOW_ISOLATED
  307 |   3070.0 | P4     | 29440 |  92.00% |  75.00% | -17.00 |  21.36% |  6835 |   1 |   0 |   1 |   1 |   0 |    0 | P4_OVERFILL_PEAK_INFLOW_ISOLATED
  308 |   3080.0 | P4     | 29440 |  92.00% |  75.00% | -17.00 |  19.32% |  6182 |   1 |   0 |   1 |   1 |   0 |    0 | P4_OVERFILL_PEAK_INFLOW_ISOLATED
  309 |   3090.0 | P4     | 29440 |  92.00% |  75.00% | -17.00 |  17.28% |  5529 |   1 |   0 |   1 |   1 |   0 |    0 | P4_OVERFILL_PEAK_INFLOW_ISOLATED
  310 |   3100.0 | P4     | 29440 |  92.00% |  75.00% | -17.00 |  15.24% |  4877 |   1 |   0 |   1 |   1 |   0 |    0 | P4_OVERFILL_PEAK_INFLOW_ISOLATED
  311 |   3110.0 | P4     | 29440 |  92.00% |  75.00% | -17.00 |  13.20% |  4224 |   1 |   0 |   1 |   1 |   0 |    0 | P4_OVERFILL_PEAK_INFLOW_ISOLATED
  312 |   3120.0 | P4     | 29440 |  92.00% |  75.00% | -17.00 |  11.16% |  3571 |   1 |   0 |   1 |   1 |   0 |    0 | P4_OVERFILL_PEAK_INFLOW_ISOLATED
  313 |   3130.0 | P4     | 29440 |  92.00% |  75.00% | -17.00 |   9.12% |  2918 |   1 |   0 |   1 |   1 |   0 |    0 | P4_OVERFILL_PEAK_INFLOW_ISOLATED
  314 |   3140.0 | P4     | 29440 |  92.00% |  75.00% | -17.00 |   7.08% |  2265 |   1 |   0 |   1 |   1 |   0 |    0 | P4_OVERFILL_PEAK_INFLOW_ISOLATED
  315 |   3150.0 | P4     | 29440 |  92.00% |  75.00% | -17.00 |   5.04% |  1613 |   1 |   0 |   1 |   1 |   0 |    0 | P4_OVERFILL_PEAK_INFLOW_ISOLATED
  316 |   3160.0 | P4     | 29402 |  91.88% |  75.00% | -16.88 |   3.96% |  1268 |   1 |   0 |   1 |   1 |   0 |    0 | P4_EVACUATION_DRAWDOWN_ACTIVE
  317 |   3170.0 | P4     | 29363 |  91.76% |  75.00% | -16.76 |   2.33% |   747 |   1 |   0 |   1 |   1 |   0 |    0 | P4_EVACUATION_DRAWDOWN_ACTIVE
  318 |   3180.0 | P4     | 29325 |  91.64% |  75.00% | -16.64 |   0.68% |   217 |   1 |   0 |   1 |   1 |   0 |    0 | P4_EVACUATION_DRAWDOWN_ACTIVE
  319 |   3190.0 | P4     | 29286 |  91.52% |  75.00% | -16.52 |   0.00% |     0 |   1 |   0 |   1 |   1 |   0 |    0 | P4_EVACUATION_DRAWDOWN_ACTIVE
  320 |   3200.0 | P4     | 29248 |  91.40% |  75.00% | -16.40 |   0.00% |     0 |   1 |   0 |   1 |   1 |   0 |    0 | P4_EVACUATION_DRAWDOWN_ACTIVE
  321 |   3210.0 | P4     | 29210 |  91.28% |  75.00% | -16.28 |   0.00% |     0 |   1 |   0 |   1 |   1 |   0 |    0 | P4_EVACUATION_DRAWDOWN_ACTIVE
  322 |   3220.0 | P4     | 29171 |  91.16% |  75.00% | -16.16 |   0.00% |     0 |   1 |   0 |   1 |   1 |   0 |    0 | P4_EVACUATION_DRAWDOWN_ACTIVE
  323 |   3230.0 | P4     | 29133 |  91.04% |  75.00% | -16.04 |   0.00% |     0 |   1 |   0 |   1 |   1 |   0 |    0 | P4_EVACUATION_DRAWDOWN_ACTIVE
  324 |   3240.0 | P4     | 29094 |  90.92% |  75.00% | -15.92 |   0.00% |     0 |   1 |   0 |   1 |   1 |   0 |    0 | P4_EVACUATION_DRAWDOWN_ACTIVE
  325 |   3250.0 | P4     | 29056 |  90.80% |  75.00% | -15.80 |   0.00% |     0 |   1 |   0 |   1 |   1 |   0 |    0 | P4_EVACUATION_DRAWDOWN_ACTIVE
  326 |   3260.0 | P4     | 29018 |  90.68% |  75.00% | -15.68 |   0.00% |     0 |   1 |   0 |   1 |   1 |   0 |    0 | P4_EVACUATION_DRAWDOWN_ACTIVE
  327 |   3270.0 | P4     | 28979 |  90.56% |  75.00% | -15.56 |   0.00% |     0 |   1 |   0 |   1 |   1 |   0 |    0 | P4_EVACUATION_DRAWDOWN_ACTIVE
  328 |   3280.0 | P4     | 28941 |  90.44% |  75.00% | -15.44 |   0.00% |     0 |   1 |   0 |   1 |   1 |   0 |    0 | P4_EVACUATION_DRAWDOWN_ACTIVE
  329 |   3290.0 | P4     | 28902 |  90.32% |  75.00% | -15.32 |   0.00% |     0 |   1 |   0 |   1 |   1 |   0 |    0 | P4_EVACUATION_DRAWDOWN_ACTIVE
  330 |   3300.0 | P4     | 28864 |  90.20% |  75.00% | -15.20 |   0.00% |     0 |   1 |   0 |   1 |   1 |   0 |    0 | P4_EVACUATION_DRAWDOWN_ACTIVE
  331 |   3310.0 | P4     | 28826 |  90.08% |  75.00% | -15.08 |   0.00% |     0 |   1 |   0 |   1 |   1 |   0 |    0 | P4_EVACUATION_DRAWDOWN_ACTIVE
  332 |   3320.0 | P4     | 28787 |  89.96% |  75.00% | -14.96 |   0.00% |     0 |   1 |   0 |   1 |   1 |   0 |    0 | P4_EVACUATION_DRAWDOWN_ACTIVE
  333 |   3330.0 | P4     | 28749 |  89.84% |  75.00% | -14.84 |   0.00% |     0 |   1 |   0 |   1 |   1 |   0 |    0 | P4_EVACUATION_DRAWDOWN_ACTIVE
  334 |   3340.0 | P4     | 28710 |  89.72% |  75.00% | -14.72 |   0.00% |     0 |   1 |   0 |   1 |   1 |   0 |    0 | P4_EVACUATION_DRAWDOWN_ACTIVE
  335 |   3350.0 | P4     | 28672 |  89.60% |  75.00% | -14.60 |   0.00% |     0 |   1 |   0 |   1 |   1 |   0 |    0 | P4_EVACUATION_DRAWDOWN_ACTIVE
  336 |   3360.0 | P4     | 28634 |  89.48% |  75.00% | -14.48 |   0.00% |     0 |   1 |   0 |   1 |   1 |   0 |    0 | P4_EVACUATION_DRAWDOWN_ACTIVE
  337 |   3370.0 | P4     | 28595 |  89.36% |  75.00% | -14.36 |   0.00% |     0 |   1 |   0 |   1 |   1 |   0 |    0 | P4_EVACUATION_DRAWDOWN_ACTIVE
  338 |   3380.0 | P4     | 28557 |  89.24% |  75.00% | -14.24 |   0.00% |     0 |   1 |   0 |   1 |   1 |   0 |    0 | P4_EVACUATION_DRAWDOWN_ACTIVE
  339 |   3390.0 | P4     | 28518 |  89.12% |  75.00% | -14.12 |   0.00% |     0 |   1 |   0 |   1 |   1 |   0 |    0 | P4_EVACUATION_DRAWDOWN_ACTIVE
  340 |   3400.0 | P4     | 28480 |  89.00% |  75.00% | -14.00 |   0.00% |     0 |   1 |   0 |   1 |   1 |   0 |    0 | P4_HYSTERESIS_DEADBAND_89.0%_STILL_TRIPPED
  341 |   3410.0 | P4     | 28448 |  88.90% |  75.00% | -13.90 |   0.00% |     0 |   1 |   0 |   1 |   1 |   0 |    0 | P4_EVACUATION_PASSING_88.0%_RESET_THRESHOLD
  342 |   3420.0 | P4     | 28416 |  88.80% |  75.00% | -13.80 |   0.00% |     0 |   1 |   0 |   1 |   1 |   0 |    0 | P4_EVACUATION_PASSING_88.0%_RESET_THRESHOLD
  343 |   3430.0 | P4     | 28384 |  88.70% |  75.00% | -13.70 |   0.00% |     0 |   1 |   0 |   1 |   1 |   0 |    0 | P4_EVACUATION_PASSING_88.0%_RESET_THRESHOLD
  344 |   3440.0 | P4     | 28352 |  88.60% |  75.00% | -13.60 |   0.00% |     0 |   1 |   0 |   1 |   1 |   0 |    0 | P4_EVACUATION_PASSING_88.0%_RESET_THRESHOLD
  345 |   3450.0 | P4     | 28320 |  88.50% |  75.00% | -13.50 |   0.00% |     0 |   1 |   0 |   1 |   1 |   0 |    0 | P4_EVACUATION_PASSING_88.0%_RESET_THRESHOLD
  346 |   3460.0 | P4     | 28288 |  88.40% |  75.00% | -13.40 |   0.00% |     0 |   1 |   0 |   1 |   1 |   0 |    0 | P4_EVACUATION_PASSING_88.0%_RESET_THRESHOLD
  347 |   3470.0 | P4     | 28256 |  88.30% |  75.00% | -13.30 |   0.00% |     0 |   1 |   0 |   1 |   1 |   0 |    0 | P4_EVACUATION_PASSING_88.0%_RESET_THRESHOLD
  348 |   3480.0 | P4     | 28224 |  88.20% |  75.00% | -13.20 |   0.00% |     0 |   1 |   0 |   1 |   1 |   0 |    0 | P4_EVACUATION_PASSING_88.0%_RESET_THRESHOLD
  349 |   3490.0 | P4     | 28192 |  88.10% |  75.00% | -13.10 |   0.00% |     0 |   1 |   0 |   1 |   1 |   0 |    0 | P4_EVACUATION_PASSING_88.0%_RESET_THRESHOLD
  350 |   3500.0 | P4     | 28160 |  88.00% |  75.00% | -13.00 |   0.00% |     0 |   1 |   0 |   1 |   1 |   0 |    0 | P4_EVACUATION_PASSING_88.0%_RESET_THRESHOLD
  351 |   3510.0 | P4     | 28128 |  87.90% |  75.00% | -12.90 |   0.00% |     0 |   1 |   0 |   0 |   1 |   0 |    0 | P4_EVACUATION_PASSING_88.0%_RESET_THRESHOLD
  352 |   3520.0 | P4     | 28096 |  87.80% |  75.00% | -12.80 |   0.00% |     0 |   1 |   0 |   0 |   1 |   0 |    0 | P4_EVACUATION_PASSING_88.0%_RESET_THRESHOLD
  353 |   3530.0 | P4     | 28064 |  87.70% |  75.00% | -12.70 |   0.00% |     0 |   1 |   0 |   0 |   1 |   0 |    0 | P4_EVACUATION_PASSING_88.0%_RESET_THRESHOLD
  354 |   3540.0 | P4     | 28032 |  87.60% |  75.00% | -12.60 |   0.00% |     0 |   1 |   0 |   0 |   1 |   0 |    0 | P4_EVACUATION_PASSING_88.0%_RESET_THRESHOLD
  355 |   3550.0 | P4     | 28000 |  87.50% |  75.00% | -12.50 |   0.00% |     0 |   1 |   0 |   0 |   1 |   0 |    0 | P4_HYSTERESIS_RESET_AT_87.5%_<88.0%
  356 |   3560.0 | P4     | 28000 |  87.50% |  60.00% | -27.50 |   0.00% |     0 |   1 |   0 |   0 |   1 |   0 |    0 | P4_SAFE_RECOVERY_TO_NORMAL_60.0%
  357 |   3570.0 | P4     | 26600 |  83.12% |  60.00% | -23.12 |   0.00% |     0 |   1 |   0 |   0 |   1 |   0 |    0 | P4_SAFE_RECOVERY_TO_NORMAL_60.0%
  358 |   3580.0 | P4     | 25270 |  78.97% |  60.00% | -18.97 |   0.00% |     0 |   1 |   0 |   0 |   1 |   0 |    0 | P4_SAFE_RECOVERY_TO_NORMAL_60.0%
  359 |   3590.0 | P4     | 24007 |  75.02% |  60.00% | -15.02 |   0.00% |     0 |   1 |   0 |   0 |   0 |   0 |    0 | P4_SAFE_RECOVERY_TO_NORMAL_60.0%
  360 |   3600.0 | P4     | 22806 |  71.27% |  60.00% | -11.27 |   0.00% |     0 |   1 |   0 |   0 |   0 |   0 |    0 | P4_SAFE_RECOVERY_TO_NORMAL_60.0%
  361 |   3610.0 | P4     | 21666 |  67.71% |  60.00% |  -7.71 |   0.00% |     0 |   1 |   0 |   0 |   0 |   0 |    0 | P4_SAFE_RECOVERY_TO_NORMAL_60.0%
  362 |   3620.0 | P4     | 20583 |  64.32% |  60.00% |  -4.32 |   3.96% |  1266 |   1 |   0 |   0 |   0 |   0 |    0 | P4_SAFE_RECOVERY_TO_NORMAL_60.0%
  363 |   3630.0 | P4     | 19617 |  61.30% |  60.00% |  -1.30 |  11.18% |  3579 |   1 |   1 |   0 |   0 |   0 |    0 | P4_SAFE_RECOVERY_TO_NORMAL_60.0%
  364 |   3640.0 | P4     | 18815 |  58.80% |  60.00% |   1.20 |  16.29% |  5211 |   1 |   1 |   0 |   0 |   0 |    0 | P4_SAFE_RECOVERY_TO_NORMAL_60.0%
  365 |   3650.0 | P4     | 18135 |  56.67% |  60.00% |   3.33 |  21.15% |  6769 |   1 |   1 |   0 |   0 |   0 |    0 | P4_SAFE_RECOVERY_TO_NORMAL_60.0%
  366 |   3660.0 | P4     | 17566 |  54.89% |  60.00% |   5.11 |  25.37% |  8117 |   1 |   1 |   0 |   0 |   0 |    0 | P4_SAFE_RECOVERY_TO_NORMAL_60.0%
  367 |   3670.0 | P4     | 17094 |  53.42% |  60.00% |   6.58 |  29.07% |  9301 |   1 |   1 |   0 |   0 |   0 |    0 | P4_SAFE_RECOVERY_TO_NORMAL_60.0%
  368 |   3680.0 | P4     | 16704 |  52.20% |  60.00% |   7.80 |  32.38% | 10360 |   1 |   1 |   0 |   0 |   0 |    0 | P4_SAFE_RECOVERY_TO_NORMAL_60.0%
  369 |   3690.0 | P4     | 16387 |  51.21% |  60.00% |   8.79 |  35.26% | 11284 |   1 |   1 |   0 |   0 |   0 |    0 | P4_SAFE_RECOVERY_TO_NORMAL_60.0%
  370 |   3700.0 | P4     | 16132 |  50.41% |  60.00% |   9.59 |  37.83% | 12107 |   1 |   1 |   0 |   0 |   0 |    0 | P4_SAFE_RECOVERY_TO_NORMAL_60.0%
  371 |   3710.0 | P4     | 15931 |  49.78% |  60.00% |  10.22 |  40.10% | 12832 |   1 |   1 |   0 |   0 |   0 |    0 | P4_SAFE_RECOVERY_TO_NORMAL_60.0%
  372 |   3720.0 | P4     | 15776 |  49.30% |  60.00% |  10.70 |  42.12% | 13478 |   1 |   1 |   0 |   0 |   0 |    0 | P4_SAFE_RECOVERY_TO_NORMAL_60.0%
  373 |   3730.0 | P4     | 15661 |  48.94% |  60.00% |  11.06 |  43.90% | 14048 |   1 |   1 |   0 |   0 |   0 |    0 | P4_SAFE_RECOVERY_TO_NORMAL_60.0%
  374 |   3740.0 | P4     | 15580 |  48.69% |  60.00% |  11.31 |  45.49% | 14555 |   1 |   1 |   0 |   0 |   0 |    0 | P4_SAFE_RECOVERY_TO_NORMAL_60.0%
  375 |   3750.0 | P4     | 15529 |  48.53% |  60.00% |  11.47 |  46.87% | 14999 |   1 |   1 |   0 |   0 |   0 |    0 | P4_SAFE_RECOVERY_TO_NORMAL_60.0%
  376 |   3760.0 | P4     | 15502 |  48.44% |  60.00% |  11.56 |  48.14% | 15404 |   1 |   1 |   0 |   0 |   0 |    0 | P4_SAFE_RECOVERY_TO_NORMAL_60.0%
  377 |   3770.0 | P4     | 15498 |  48.43% |  60.00% |  11.57 |  49.20% | 15745 |   1 |   1 |   0 |   0 |   0 |    0 | P4_SAFE_RECOVERY_TO_NORMAL_60.0%
  378 |   3780.0 | P4     | 15510 |  48.47% |  60.00% |  11.53 |  50.22% | 16072 |   1 |   1 |   0 |   0 |   0 |    0 | P4_SAFE_RECOVERY_TO_NORMAL_60.0%
  379 |   3790.0 | P4     | 15538 |  48.56% |  60.00% |  11.44 |  51.08% | 16347 |   1 |   1 |   0 |   0 |   0 |    0 | P4_SAFE_RECOVERY_TO_NORMAL_60.0%
  380 |   3800.0 | P4     | 15578 |  48.68% |  60.00% |  11.32 |  51.88% | 16602 |   1 |   1 |   0 |   0 |   0 |    0 | P4_SAFE_RECOVERY_TO_NORMAL_60.0%
  381 |   3810.0 | P4     | 15630 |  48.84% |  60.00% |  11.16 |  52.54% | 16814 |   1 |   1 |   0 |   0 |   0 |    0 | P4_SAFE_RECOVERY_TO_NORMAL_60.0%
  382 |   3820.0 | P4     | 15689 |  49.03% |  60.00% |  10.97 |  53.20% | 17023 |   1 |   1 |   0 |   0 |   0 |    0 | P4_SAFE_RECOVERY_TO_NORMAL_60.0%
  383 |   3830.0 | P4     | 15756 |  49.24% |  60.00% |  10.76 |  53.74% | 17196 |   1 |   1 |   0 |   0 |   0 |    0 | P4_SAFE_RECOVERY_TO_NORMAL_60.0%
  384 |   3840.0 | P4     | 15828 |  49.46% |  60.00% |  10.54 |  54.25% | 17359 |   1 |   1 |   0 |   0 |   0 |    0 | P4_SAFE_RECOVERY_TO_NORMAL_60.0%
  385 |   3850.0 | P4     | 15904 |  49.70% |  60.00% |  10.30 |  54.71% | 17507 |   1 |   1 |   0 |   0 |   0 |    0 | P4_SAFE_RECOVERY_TO_NORMAL_60.0%
  386 |   3860.0 | P4     | 15984 |  49.95% |  60.00% |  10.05 |  55.10% | 17633 |   1 |   1 |   0 |   0 |   0 |    0 | P4_SAFE_RECOVERY_TO_NORMAL_60.0%
  387 |   3870.0 | P4     | 16067 |  50.21% |  60.00% |   9.79 |  55.45% | 17745 |   1 |   1 |   0 |   0 |   0 |    0 | P4_SAFE_RECOVERY_TO_NORMAL_60.0%
  388 |   3880.0 | P4     | 16151 |  50.47% |  60.00% |   9.53 |  55.79% | 17854 |   1 |   1 |   0 |   0 |   0 |    0 | P4_SAFE_RECOVERY_TO_NORMAL_60.0%
  389 |   3890.0 | P4     | 16236 |  50.74% |  60.00% |   9.26 |  56.09% | 17949 |   1 |   1 |   0 |   0 |   0 |    0 | P4_SAFE_RECOVERY_TO_NORMAL_60.0%
  390 |   3900.0 | P4     | 16321 |  51.00% |  60.00% |   9.00 |  56.37% | 18040 |   1 |   1 |   0 |   0 |   0 |    0 | P4_SAFE_RECOVERY_TO_NORMAL_60.0%
  391 |   3910.0 | P4     | 16407 |  51.27% |  60.00% |   8.73 |  56.60% | 18112 |   1 |   1 |   0 |   0 |   0 |    0 | P4_SAFE_RECOVERY_TO_NORMAL_60.0%
  392 |   3920.0 | P4     | 16493 |  51.54% |  60.00% |   8.46 |  56.81% | 18179 |   1 |   1 |   0 |   0 |   0 |    0 | P4_SAFE_RECOVERY_TO_NORMAL_60.0%
  393 |   3930.0 | P4     | 16577 |  51.80% |  60.00% |   8.20 |  57.04% | 18252 |   1 |   1 |   0 |   0 |   0 |    0 | P4_SAFE_RECOVERY_TO_NORMAL_60.0%
  394 |   3940.0 | P4     | 16661 |  52.07% |  60.00% |   7.93 |  57.20% | 18304 |   1 |   1 |   0 |   0 |   0 |    0 | P4_SAFE_RECOVERY_TO_NORMAL_60.0%
  395 |   3950.0 | P4     | 16743 |  52.32% |  60.00% |   7.68 |  57.38% | 18363 |   1 |   1 |   0 |   0 |   0 |    0 | P4_SAFE_RECOVERY_TO_NORMAL_60.0%
  396 |   3960.0 | P4     | 16824 |  52.58% |  60.00% |   7.42 |  57.53% | 18410 |   1 |   1 |   0 |   0 |   0 |    0 | P4_SAFE_RECOVERY_TO_NORMAL_60.0%
  397 |   3970.0 | P4     | 16903 |  52.82% |  60.00% |   7.18 |  57.68% | 18459 |   1 |   1 |   0 |   0 |   0 |    0 | P4_SAFE_RECOVERY_TO_NORMAL_60.0%
  398 |   3980.0 | P4     | 16981 |  53.07% |  60.00% |   6.93 |  57.80% | 18496 |   1 |   1 |   0 |   0 |   0 |    0 | P4_SAFE_RECOVERY_TO_NORMAL_60.0%
  399 |   3990.0 | P4     | 17057 |  53.30% |  60.00% |   6.70 |  57.92% | 18535 |   1 |   1 |   0 |   0 |   0 |    0 | P4_SAFE_RECOVERY_TO_NORMAL_60.0%
  400 |   4000.0 | P4     | 17131 |  53.53% |  60.00% |   6.47 |  58.04% | 18572 |   1 |   1 |   0 |   0 |   0 |    0 | P4_SAFE_RECOVERY_TO_NORMAL_60.0%
  401 |   4010.0 | P5     |     0 |   0.00% |  60.00% |  60.00 | 100.00% | 32000 |   0 |   1 |   0 |   0 |   1 |    1 | P5_SENSOR_WIRE_BREAK_0_COUNTS_DRY_RUN_CUTOFF
  402 |   4020.0 | P5     |     0 |   0.00% |  60.00% |  60.00 | 100.00% | 32000 |   0 |   1 |   0 |   0 |   1 |    1 | PHASE_5_SENSOR_DISCONNECT_FAIL_SAFE
  403 |   4030.0 | P5     |     0 |   0.00% |  60.00% |  60.00 | 100.00% | 32000 |   0 |   1 |   0 |   0 |   1 |    1 | PHASE_5_SENSOR_DISCONNECT_FAIL_SAFE
  404 |   4040.0 | P5     |     0 |   0.00% |  60.00% |  60.00 | 100.00% | 32000 |   0 |   1 |   0 |   0 |   1 |    1 | PHASE_5_SENSOR_DISCONNECT_FAIL_SAFE
  405 |   4050.0 | P5     |     0 |   0.00% |  60.00% |  60.00 | 100.00% | 32000 |   0 |   1 |   0 |   0 |   1 |    1 | PHASE_5_SENSOR_DISCONNECT_FAIL_SAFE
  406 |   4060.0 | P5     |     0 |   0.00% |  60.00% |  60.00 | 100.00% | 32000 |   0 |   1 |   0 |   0 |   1 |    1 | PHASE_5_SENSOR_DISCONNECT_FAIL_SAFE
  407 |   4070.0 | P5     |     0 |   0.00% |  60.00% |  60.00 | 100.00% | 32000 |   0 |   1 |   0 |   0 |   1 |    1 | PHASE_5_SENSOR_DISCONNECT_FAIL_SAFE
  408 |   4080.0 | P5     |     0 |   0.00% |  60.00% |  60.00 | 100.00% | 32000 |   0 |   1 |   0 |   0 |   1 |    1 | PHASE_5_SENSOR_DISCONNECT_FAIL_SAFE
  409 |   4090.0 | P5     |     0 |   0.00% |  60.00% |  60.00 | 100.00% | 32000 |   0 |   1 |   0 |   0 |   1 |    1 | PHASE_5_SENSOR_DISCONNECT_FAIL_SAFE
  410 |   4100.0 | P5     |     0 |   0.00% |  60.00% |  60.00 | 100.00% | 32000 |   0 |   1 |   0 |   0 |   1 |    1 | P5_FAIL_SAFE_SHUTDOWN_PUMP_CUTOFF_LOCKED
  411 |   4110.0 | P5     |     0 |   0.00% |  60.00% |  60.00 | 100.00% | 32000 |   0 |   1 |   0 |   0 |   1 |    1 | PHASE_5_SENSOR_DISCONNECT_FAIL_SAFE
  412 |   4120.0 | P5     |     0 |   0.00% |  60.00% |  60.00 | 100.00% | 32000 |   0 |   1 |   0 |   0 |   1 |    1 | PHASE_5_SENSOR_DISCONNECT_FAIL_SAFE
  413 |   4130.0 | P5     |     0 |   0.00% |  60.00% |  60.00 | 100.00% | 32000 |   0 |   1 |   0 |   0 |   1 |    1 | PHASE_5_SENSOR_DISCONNECT_FAIL_SAFE
  414 |   4140.0 | P5     |     0 |   0.00% |  60.00% |  60.00 | 100.00% | 32000 |   0 |   1 |   0 |   0 |   1 |    1 | PHASE_5_SENSOR_DISCONNECT_FAIL_SAFE
  415 |   4150.0 | P5     |     0 |   0.00% |  60.00% |  60.00 | 100.00% | 32000 |   0 |   1 |   0 |   0 |   1 |    1 | PHASE_5_SENSOR_DISCONNECT_FAIL_SAFE
  416 |   4160.0 | P5     |     0 |   0.00% |  60.00% |  60.00 | 100.00% | 32000 |   0 |   1 |   0 |   0 |   1 |    1 | PHASE_5_SENSOR_DISCONNECT_FAIL_SAFE
  417 |   4170.0 | P5     |     0 |   0.00% |  60.00% |  60.00 | 100.00% | 32000 |   0 |   1 |   0 |   0 |   1 |    1 | PHASE_5_SENSOR_DISCONNECT_FAIL_SAFE
  418 |   4180.0 | P5     |     0 |   0.00% |  60.00% |  60.00 | 100.00% | 32000 |   0 |   1 |   0 |   0 |   1 |    1 | PHASE_5_SENSOR_DISCONNECT_FAIL_SAFE
  419 |   4190.0 | P5     |     0 |   0.00% |  60.00% |  60.00 | 100.00% | 32000 |   0 |   1 |   0 |   0 |   1 |    1 | PHASE_5_SENSOR_DISCONNECT_FAIL_SAFE
  420 |   4200.0 | P5     |     0 |   0.00% |  60.00% |  60.00 | 100.00% | 32000 |   0 |   1 |   0 |   0 |   1 |    1 | PHASE_5_SENSOR_DISCONNECT_FAIL_SAFE
  421 |   4210.0 | P5     |     0 |   0.00% |  60.00% |  60.00 | 100.00% | 32000 |   0 |   1 |   0 |   0 |   1 |    1 | PHASE_5_SENSOR_DISCONNECT_FAIL_SAFE
  422 |   4220.0 | P5     |     0 |   0.00% |  60.00% |  60.00 | 100.00% | 32000 |   0 |   1 |   0 |   0 |   1 |    1 | PHASE_5_SENSOR_DISCONNECT_FAIL_SAFE
  423 |   4230.0 | P5     |     0 |   0.00% |  60.00% |  60.00 | 100.00% | 32000 |   0 |   1 |   0 |   0 |   1 |    1 | PHASE_5_SENSOR_DISCONNECT_FAIL_SAFE
  424 |   4240.0 | P5     |     0 |   0.00% |  60.00% |  60.00 | 100.00% | 32000 |   0 |   1 |   0 |   0 |   1 |    1 | PHASE_5_SENSOR_DISCONNECT_FAIL_SAFE
  425 |   4250.0 | P5     |     0 |   0.00% |  60.00% |  60.00 | 100.00% | 32000 |   0 |   1 |   0 |   0 |   1 |    1 | PHASE_5_SENSOR_DISCONNECT_FAIL_SAFE
  426 |   4260.0 | P5     |     0 |   0.00% |  60.00% |  60.00 | 100.00% | 32000 |   0 |   1 |   0 |   0 |   1 |    1 | PHASE_5_SENSOR_DISCONNECT_FAIL_SAFE
  427 |   4270.0 | P5     |     0 |   0.00% |  60.00% |  60.00 | 100.00% | 32000 |   0 |   1 |   0 |   0 |   1 |    1 | PHASE_5_SENSOR_DISCONNECT_FAIL_SAFE
  428 |   4280.0 | P5     |     0 |   0.00% |  60.00% |  60.00 | 100.00% | 32000 |   0 |   1 |   0 |   0 |   1 |    1 | PHASE_5_SENSOR_DISCONNECT_FAIL_SAFE
  429 |   4290.0 | P5     |     0 |   0.00% |  60.00% |  60.00 | 100.00% | 32000 |   0 |   1 |   0 |   0 |   1 |    1 | PHASE_5_SENSOR_DISCONNECT_FAIL_SAFE
  430 |   4300.0 | P5     |     0 |   0.00% |  60.00% |  60.00 | 100.00% | 32000 |   0 |   1 |   0 |   0 |   1 |    1 | PHASE_5_SENSOR_DISCONNECT_FAIL_SAFE
  431 |   4310.0 | P5     |     0 |   0.00% |  60.00% |  60.00 | 100.00% | 32000 |   0 |   1 |   0 |   0 |   1 |    1 | PHASE_5_SENSOR_DISCONNECT_FAIL_SAFE
  432 |   4320.0 | P5     |     0 |   0.00% |  60.00% |  60.00 | 100.00% | 32000 |   0 |   1 |   0 |   0 |   1 |    1 | PHASE_5_SENSOR_DISCONNECT_FAIL_SAFE
  433 |   4330.0 | P5     |     0 |   0.00% |  60.00% |  60.00 | 100.00% | 32000 |   0 |   1 |   0 |   0 |   1 |    1 | PHASE_5_SENSOR_DISCONNECT_FAIL_SAFE
  434 |   4340.0 | P5     |     0 |   0.00% |  60.00% |  60.00 | 100.00% | 32000 |   0 |   1 |   0 |   0 |   1 |    1 | PHASE_5_SENSOR_DISCONNECT_FAIL_SAFE
  435 |   4350.0 | P5     |     0 |   0.00% |  60.00% |  60.00 | 100.00% | 32000 |   0 |   1 |   0 |   0 |   1 |    1 | PHASE_5_SENSOR_DISCONNECT_FAIL_SAFE
  436 |   4360.0 | P5     |     0 |   0.00% |  60.00% |  60.00 | 100.00% | 32000 |   0 |   1 |   0 |   0 |   1 |    1 | PHASE_5_SENSOR_DISCONNECT_FAIL_SAFE
  437 |   4370.0 | P5     |     0 |   0.00% |  60.00% |  60.00 | 100.00% | 32000 |   0 |   1 |   0 |   0 |   1 |    1 | PHASE_5_SENSOR_DISCONNECT_FAIL_SAFE
  438 |   4380.0 | P5     |     0 |   0.00% |  60.00% |  60.00 | 100.00% | 32000 |   0 |   1 |   0 |   0 |   1 |    1 | PHASE_5_SENSOR_DISCONNECT_FAIL_SAFE
  439 |   4390.0 | P5     |     0 |   0.00% |  60.00% |  60.00 | 100.00% | 32000 |   0 |   1 |   0 |   0 |   1 |    1 | PHASE_5_SENSOR_DISCONNECT_FAIL_SAFE
  440 |   4400.0 | P5     |     0 |   0.00% |  60.00% |  60.00 | 100.00% | 32000 |   0 |   1 |   0 |   0 |   1 |    1 | PHASE_5_SENSOR_DISCONNECT_FAIL_SAFE
  441 |   4410.0 | P5     |     0 |   0.00% |  60.00% |  60.00 | 100.00% | 32000 |   0 |   1 |   0 |   0 |   1 |    1 | PHASE_5_SENSOR_DISCONNECT_FAIL_SAFE
  442 |   4420.0 | P5     |     0 |   0.00% |  60.00% |  60.00 | 100.00% | 32000 |   0 |   1 |   0 |   0 |   1 |    1 | PHASE_5_SENSOR_DISCONNECT_FAIL_SAFE
  443 |   4430.0 | P5     |     0 |   0.00% |  60.00% |  60.00 | 100.00% | 32000 |   0 |   1 |   0 |   0 |   1 |    1 | PHASE_5_SENSOR_DISCONNECT_FAIL_SAFE
  444 |   4440.0 | P5     |     0 |   0.00% |  60.00% |  60.00 | 100.00% | 32000 |   0 |   1 |   0 |   0 |   1 |    1 | PHASE_5_SENSOR_DISCONNECT_FAIL_SAFE
  445 |   4450.0 | P5     |     0 |   0.00% |  60.00% |  60.00 | 100.00% | 32000 |   0 |   1 |   0 |   0 |   1 |    1 | PHASE_5_SENSOR_DISCONNECT_FAIL_SAFE
  446 |   4460.0 | P5     |     0 |   0.00% |  60.00% |  60.00 | 100.00% | 32000 |   0 |   1 |   0 |   0 |   1 |    1 | PHASE_5_SENSOR_DISCONNECT_FAIL_SAFE
  447 |   4470.0 | P5     |     0 |   0.00% |  60.00% |  60.00 | 100.00% | 32000 |   0 |   1 |   0 |   0 |   1 |    1 | PHASE_5_SENSOR_DISCONNECT_FAIL_SAFE
  448 |   4480.0 | P5     |     0 |   0.00% |  60.00% |  60.00 | 100.00% | 32000 |   0 |   1 |   0 |   0 |   1 |    1 | PHASE_5_SENSOR_DISCONNECT_FAIL_SAFE
  449 |   4490.0 | P5     |     0 |   0.00% |  60.00% |  60.00 | 100.00% | 32000 |   0 |   1 |   0 |   0 |   1 |    1 | PHASE_5_SENSOR_DISCONNECT_FAIL_SAFE
  450 |   4500.0 | P5     |     0 |   0.00% |  60.00% |  60.00 | 100.00% | 32000 |   0 |   1 |   0 |   0 |   1 |    1 | P5_PERSISTENT_WIRE_BREAK_MONITORING
  451 |   4510.0 | P5     |     0 |   0.00% |  60.00% |  60.00 | 100.00% | 32000 |   0 |   1 |   0 |   0 |   1 |    1 | PHASE_5_SENSOR_DISCONNECT_FAIL_SAFE
  452 |   4520.0 | P5     |     0 |   0.00% |  60.00% |  60.00 | 100.00% | 32000 |   0 |   1 |   0 |   0 |   1 |    1 | PHASE_5_SENSOR_DISCONNECT_FAIL_SAFE
  453 |   4530.0 | P5     |     0 |   0.00% |  60.00% |  60.00 | 100.00% | 32000 |   0 |   1 |   0 |   0 |   1 |    1 | PHASE_5_SENSOR_DISCONNECT_FAIL_SAFE
  454 |   4540.0 | P5     |     0 |   0.00% |  60.00% |  60.00 | 100.00% | 32000 |   0 |   1 |   0 |   0 |   1 |    1 | PHASE_5_SENSOR_DISCONNECT_FAIL_SAFE
  455 |   4550.0 | P5     |     0 |   0.00% |  60.00% |  60.00 | 100.00% | 32000 |   0 |   1 |   0 |   0 |   1 |    1 | PHASE_5_SENSOR_DISCONNECT_FAIL_SAFE
  456 |   4560.0 | P5     |     0 |   0.00% |  60.00% |  60.00 | 100.00% | 32000 |   0 |   1 |   0 |   0 |   1 |    1 | PHASE_5_SENSOR_DISCONNECT_FAIL_SAFE
  457 |   4570.0 | P5     |     0 |   0.00% |  60.00% |  60.00 | 100.00% | 32000 |   0 |   1 |   0 |   0 |   1 |    1 | PHASE_5_SENSOR_DISCONNECT_FAIL_SAFE
  458 |   4580.0 | P5     |     0 |   0.00% |  60.00% |  60.00 | 100.00% | 32000 |   0 |   1 |   0 |   0 |   1 |    1 | PHASE_5_SENSOR_DISCONNECT_FAIL_SAFE
  459 |   4590.0 | P5     |     0 |   0.00% |  60.00% |  60.00 | 100.00% | 32000 |   0 |   1 |   0 |   0 |   1 |    1 | PHASE_5_SENSOR_DISCONNECT_FAIL_SAFE
  460 |   4600.0 | P5     |     0 |   0.00% |  60.00% |  60.00 | 100.00% | 32000 |   0 |   1 |   0 |   0 |   1 |    1 | PHASE_5_SENSOR_DISCONNECT_FAIL_SAFE
  461 |   4610.0 | P5     |     0 |   0.00% |  60.00% |  60.00 | 100.00% | 32000 |   0 |   1 |   0 |   0 |   1 |    1 | PHASE_5_SENSOR_DISCONNECT_FAIL_SAFE
  462 |   4620.0 | P5     |     0 |   0.00% |  60.00% |  60.00 | 100.00% | 32000 |   0 |   1 |   0 |   0 |   1 |    1 | PHASE_5_SENSOR_DISCONNECT_FAIL_SAFE
  463 |   4630.0 | P5     |     0 |   0.00% |  60.00% |  60.00 | 100.00% | 32000 |   0 |   1 |   0 |   0 |   1 |    1 | PHASE_5_SENSOR_DISCONNECT_FAIL_SAFE
  464 |   4640.0 | P5     |     0 |   0.00% |  60.00% |  60.00 | 100.00% | 32000 |   0 |   1 |   0 |   0 |   1 |    1 | PHASE_5_SENSOR_DISCONNECT_FAIL_SAFE
  465 |   4650.0 | P5     |     0 |   0.00% |  60.00% |  60.00 | 100.00% | 32000 |   0 |   1 |   0 |   0 |   1 |    1 | PHASE_5_SENSOR_DISCONNECT_FAIL_SAFE
  466 |   4660.0 | P5     |     0 |   0.00% |  60.00% |  60.00 | 100.00% | 32000 |   0 |   1 |   0 |   0 |   1 |    1 | PHASE_5_SENSOR_DISCONNECT_FAIL_SAFE
  467 |   4670.0 | P5     |     0 |   0.00% |  60.00% |  60.00 | 100.00% | 32000 |   0 |   1 |   0 |   0 |   1 |    1 | PHASE_5_SENSOR_DISCONNECT_FAIL_SAFE
  468 |   4680.0 | P5     |     0 |   0.00% |  60.00% |  60.00 | 100.00% | 32000 |   0 |   1 |   0 |   0 |   1 |    1 | PHASE_5_SENSOR_DISCONNECT_FAIL_SAFE
  469 |   4690.0 | P5     |     0 |   0.00% |  60.00% |  60.00 | 100.00% | 32000 |   0 |   1 |   0 |   0 |   1 |    1 | PHASE_5_SENSOR_DISCONNECT_FAIL_SAFE
  470 |   4700.0 | P5     |     0 |   0.00% |  60.00% |  60.00 | 100.00% | 32000 |   0 |   1 |   0 |   0 |   1 |    1 | PHASE_5_SENSOR_DISCONNECT_FAIL_SAFE
  471 |   4710.0 | P5     |     0 |   0.00% |  60.00% |  60.00 | 100.00% | 32000 |   0 |   1 |   0 |   0 |   1 |    1 | PHASE_5_SENSOR_DISCONNECT_FAIL_SAFE
  472 |   4720.0 | P5     |     0 |   0.00% |  60.00% |  60.00 | 100.00% | 32000 |   0 |   1 |   0 |   0 |   1 |    1 | PHASE_5_SENSOR_DISCONNECT_FAIL_SAFE
  473 |   4730.0 | P5     |     0 |   0.00% |  60.00% |  60.00 | 100.00% | 32000 |   0 |   1 |   0 |   0 |   1 |    1 | PHASE_5_SENSOR_DISCONNECT_FAIL_SAFE
  474 |   4740.0 | P5     |     0 |   0.00% |  60.00% |  60.00 | 100.00% | 32000 |   0 |   1 |   0 |   0 |   1 |    1 | PHASE_5_SENSOR_DISCONNECT_FAIL_SAFE
  475 |   4750.0 | P5     |     0 |   0.00% |  60.00% |  60.00 | 100.00% | 32000 |   0 |   1 |   0 |   0 |   1 |    1 | PHASE_5_SENSOR_DISCONNECT_FAIL_SAFE
  476 |   4760.0 | P5     |     0 |   0.00% |  60.00% |  60.00 | 100.00% | 32000 |   0 |   1 |   0 |   0 |   1 |    1 | PHASE_5_SENSOR_DISCONNECT_FAIL_SAFE
  477 |   4770.0 | P5     |     0 |   0.00% |  60.00% |  60.00 | 100.00% | 32000 |   0 |   1 |   0 |   0 |   1 |    1 | PHASE_5_SENSOR_DISCONNECT_FAIL_SAFE
  478 |   4780.0 | P5     |     0 |   0.00% |  60.00% |  60.00 | 100.00% | 32000 |   0 |   1 |   0 |   0 |   1 |    1 | PHASE_5_SENSOR_DISCONNECT_FAIL_SAFE
  479 |   4790.0 | P5     |     0 |   0.00% |  60.00% |  60.00 | 100.00% | 32000 |   0 |   1 |   0 |   0 |   1 |    1 | PHASE_5_SENSOR_DISCONNECT_FAIL_SAFE
  480 |   4800.0 | P5     |     0 |   0.00% |  60.00% |  60.00 | 100.00% | 32000 |   0 |   1 |   0 |   0 |   1 |    1 | PHASE_5_SENSOR_DISCONNECT_FAIL_SAFE
  481 |   4810.0 | P5     |     0 |   0.00% |  60.00% |  60.00 | 100.00% | 32000 |   0 |   1 |   0 |   0 |   1 |    1 | PHASE_5_SENSOR_DISCONNECT_FAIL_SAFE
  482 |   4820.0 | P5     |     0 |   0.00% |  60.00% |  60.00 | 100.00% | 32000 |   0 |   1 |   0 |   0 |   1 |    1 | PHASE_5_SENSOR_DISCONNECT_FAIL_SAFE
  483 |   4830.0 | P5     |     0 |   0.00% |  60.00% |  60.00 | 100.00% | 32000 |   0 |   1 |   0 |   0 |   1 |    1 | PHASE_5_SENSOR_DISCONNECT_FAIL_SAFE
  484 |   4840.0 | P5     |     0 |   0.00% |  60.00% |  60.00 | 100.00% | 32000 |   0 |   1 |   0 |   0 |   1 |    1 | PHASE_5_SENSOR_DISCONNECT_FAIL_SAFE
  485 |   4850.0 | P5     |     0 |   0.00% |  60.00% |  60.00 | 100.00% | 32000 |   0 |   1 |   0 |   0 |   1 |    1 | PHASE_5_SENSOR_DISCONNECT_FAIL_SAFE
  486 |   4860.0 | P5     |     0 |   0.00% |  60.00% |  60.00 | 100.00% | 32000 |   0 |   1 |   0 |   0 |   1 |    1 | PHASE_5_SENSOR_DISCONNECT_FAIL_SAFE
  487 |   4870.0 | P5     |     0 |   0.00% |  60.00% |  60.00 | 100.00% | 32000 |   0 |   1 |   0 |   0 |   1 |    1 | PHASE_5_SENSOR_DISCONNECT_FAIL_SAFE
  488 |   4880.0 | P5     |     0 |   0.00% |  60.00% |  60.00 | 100.00% | 32000 |   0 |   1 |   0 |   0 |   1 |    1 | PHASE_5_SENSOR_DISCONNECT_FAIL_SAFE
  489 |   4890.0 | P5     |     0 |   0.00% |  60.00% |  60.00 | 100.00% | 32000 |   0 |   1 |   0 |   0 |   1 |    1 | PHASE_5_SENSOR_DISCONNECT_FAIL_SAFE
  490 |   4900.0 | P5     |     0 |   0.00% |  60.00% |  60.00 | 100.00% | 32000 |   0 |   1 |   0 |   0 |   1 |    1 | PHASE_5_SENSOR_DISCONNECT_FAIL_SAFE
  491 |   4910.0 | P5     |     0 |   0.00% |  60.00% |  60.00 | 100.00% | 32000 |   0 |   1 |   0 |   0 |   1 |    1 | PHASE_5_SENSOR_DISCONNECT_FAIL_SAFE
  492 |   4920.0 | P5     |     0 |   0.00% |  60.00% |  60.00 | 100.00% | 32000 |   0 |   1 |   0 |   0 |   1 |    1 | PHASE_5_SENSOR_DISCONNECT_FAIL_SAFE
  493 |   4930.0 | P5     |     0 |   0.00% |  60.00% |  60.00 | 100.00% | 32000 |   0 |   1 |   0 |   0 |   1 |    1 | PHASE_5_SENSOR_DISCONNECT_FAIL_SAFE
  494 |   4940.0 | P5     |     0 |   0.00% |  60.00% |  60.00 | 100.00% | 32000 |   0 |   1 |   0 |   0 |   1 |    1 | PHASE_5_SENSOR_DISCONNECT_FAIL_SAFE
  495 |   4950.0 | P5     |     0 |   0.00% |  60.00% |  60.00 | 100.00% | 32000 |   0 |   1 |   0 |   0 |   1 |    1 | PHASE_5_SENSOR_DISCONNECT_FAIL_SAFE
  496 |   4960.0 | P5     |     0 |   0.00% |  60.00% |  60.00 | 100.00% | 32000 |   0 |   1 |   0 |   0 |   1 |    1 | PHASE_5_SENSOR_DISCONNECT_FAIL_SAFE
  497 |   4970.0 | P5     |     0 |   0.00% |  60.00% |  60.00 | 100.00% | 32000 |   0 |   1 |   0 |   0 |   1 |    1 | PHASE_5_SENSOR_DISCONNECT_FAIL_SAFE
  498 |   4980.0 | P5     |     0 |   0.00% |  60.00% |  60.00 | 100.00% | 32000 |   0 |   1 |   0 |   0 |   1 |    1 | PHASE_5_SENSOR_DISCONNECT_FAIL_SAFE
  499 |   4990.0 | P5     |     0 |   0.00% |  60.00% |  60.00 | 100.00% | 32000 |   0 |   1 |   0 |   0 |   1 |    1 | PHASE_5_SENSOR_DISCONNECT_FAIL_SAFE
  500 |   5000.0 | P5     |     0 |   0.00% |  60.00% |  60.00 | 100.00% | 32000 |   0 |   1 |   0 |   0 |   1 |    1 | P5_FINAL_CYCLE_SAFE_CONTAINMENT

==========================================================================================
SUMMARY OF 5-PHASE INDUSTRIAL VERIFICATION RESULTS
==========================================================================================
Phase 1 (Cycles   1-100): Setpoint Tracking (0 -> 50.0%) | Target: 50.0% | Settled: 50.02% | Error: -0.02% | Status: PASS
Phase 2 (Cycles 101-200): Step Response (50.0 -> 75.0%)    | Target: 75.0% | Settled: 75.01% | Overshoot: 0.03% | Status: PASS
Phase 3 (Cycles 201-300): Outflow Disturbance Rejection   | Min Dip: 72.69% | Recovered: 74.88% | Final CV: 86.98% | Status: PASS
Phase 4 (Cycles 301-400): High-High Overfill Trip & Hyst  | Trip: True | Inflow Closed: True | Evac Pump: True | Deadband @ 89%: True | Reset @ 87.5%: True | Status: PASS
Phase 5 (Cycles 401-500): Wire-Break Dry-Run Cutoff       | PV: 0.0% | AlarmLowLow: True | PumpRun Cutoff: True | Fail-Safe: True | Status: PASS
------------------------------------------------------------------------------------------
OVERALL CLOSED-LOOP VERIFICATION STATUS: 100% PASSED
EXECUTION METRICS: Total Cycles: 500 | Scan Period: 10.0 ms | Elapsed Time: 1.090 s
SECURITY INVARIANT: Zero PLC Download Enforced | Air-Gapped Software Emulation Only
==========================================================================================
